Archive member included to satisfy reference by file (symbol)

d:/devkitPro/libnx/lib\libnx.a(console.o)
                              main.o (consoleInit)
d:/devkitPro/libnx/lib\libnx.a(applet.o)
                              main.o (appletMainLoop)
d:/devkitPro/libnx/lib\libnx.a(hid.o)
                              main.o (hidKeysDown)
d:/devkitPro/libnx/lib\libnx.a(sm.o)
                              d:/devkitPro/libnx/lib\libnx.a(applet.o) (smGetService)
d:/devkitPro/libnx/lib\libnx.a(fatal.o)
                              d:/devkitPro/libnx/lib\libnx.a(applet.o) (fatalSimple)
d:/devkitPro/libnx/lib\libnx.a(apm.o)
                              d:/devkitPro/libnx/lib\libnx.a(applet.o) (apmExit)
d:/devkitPro/libnx/lib\libnx.a(gfx.o)
                              main.o (g_gfx_framebuf_display_height)
d:/devkitPro/libnx/lib\libnx.a(nvgfx.o)
                              d:/devkitPro/libnx/lib\libnx.a(gfx.o) (nvgfxInitialize)
d:/devkitPro/libnx/lib\libnx.a(nvhost-ctrl.o)
                              d:/devkitPro/libnx/lib\libnx.a(nvgfx.o) (nvioctlNvhostCtrl_EventWait)
d:/devkitPro/libnx/lib\libnx.a(nvhost-ctrl-gpu.o)
                              d:/devkitPro/libnx/lib\libnx.a(nvgfx.o) (nvioctlNvhostCtrlGpu_ZCullGetCtxSize)
d:/devkitPro/libnx/lib\libnx.a(nvhost-as-gpu.o)
                              d:/devkitPro/libnx/lib\libnx.a(nvgfx.o) (nvioctlNvhostAsGpu_BindChannel)
d:/devkitPro/libnx/lib\libnx.a(channel.o)
                              d:/devkitPro/libnx/lib\libnx.a(nvgfx.o) (nvioctlChannel_SetNvmapFd)
d:/devkitPro/libnx/lib\libnx.a(nvmap.o)
                              d:/devkitPro/libnx/lib\libnx.a(nvgfx.o) (nvioctlNvmap_Create)
d:/devkitPro/libnx/lib\libnx.a(cache.o)
                              d:/devkitPro/libnx/lib\libnx.a(gfx.o) (armDCacheFlush)
d:/devkitPro/libnx/lib\libnx.a(switch_crt0.o)
                              (_start)
d:/devkitPro/libnx/lib\libnx.a(svc.o)
                              d:/devkitPro/libnx/lib\libnx.a(applet.o) (svcSleepThread)
d:/devkitPro/libnx/lib\libnx.a(default_font.bin.o)
                              d:/devkitPro/libnx/lib\libnx.a(console.o) (default_font_bin)
d:/devkitPro/libnx/lib\libnx.a(dynamic.o)
                              d:/devkitPro/libnx/lib\libnx.a(switch_crt0.o) (__nx_dynamic)
d:/devkitPro/libnx/lib\libnx.a(init.o)
                              d:/devkitPro/libnx/lib\libnx.a(switch_crt0.o) (__libnx_init)
d:/devkitPro/libnx/lib\libnx.a(env.o)
                              d:/devkitPro/libnx/lib\libnx.a(init.o) (envSetup)
d:/devkitPro/libnx/lib\libnx.a(newlib.o)
                              d:/devkitPro/libnx/lib\libnx.a(init.o) (newlibSetup)
d:/devkitPro/libnx/lib\libnx.a(argv.o)
                              d:/devkitPro/libnx/lib\libnx.a(init.o) (argvSetup)
d:/devkitPro/libnx/lib\libnx.a(detect.o)
                              d:/devkitPro/libnx/lib\libnx.a(applet.o) (kernelAbove200)
d:/devkitPro/libnx/lib\libnx.a(shmem.o)
                              d:/devkitPro/libnx/lib\libnx.a(hid.o) (shmemLoadRemote)
d:/devkitPro/libnx/lib\libnx.a(rwlock.o)
                              d:/devkitPro/libnx/lib\libnx.a(hid.o) (rwlockReadLock)
d:/devkitPro/libnx/lib\libnx.a(mutex.o)
                              d:/devkitPro/libnx/lib\libnx.a(newlib.o) (mutexLock)
d:/devkitPro/libnx/lib\libnx.a(virtmem.o)
                              d:/devkitPro/libnx/lib\libnx.a(init.o) (virtmemSetup)
d:/devkitPro/libnx/lib\libnx.a(fs_dev.o)
                              d:/devkitPro/libnx/lib\libnx.a(init.o) (fsdevInit)
d:/devkitPro/libnx/lib\libnx.a(nv.o)
                              d:/devkitPro/libnx/lib\libnx.a(gfx.o) (nvExit)
d:/devkitPro/libnx/lib\libnx.a(time.o)
                              d:/devkitPro/libnx/lib\libnx.a(init.o) (timeExit)
d:/devkitPro/libnx/lib\libnx.a(vi.o)
                              d:/devkitPro/libnx/lib\libnx.a(gfx.o) (viExit)
d:/devkitPro/libnx/lib\libnx.a(fs.o)
                              d:/devkitPro/libnx/lib\libnx.a(init.o) (fsInitialize)
d:/devkitPro/libnx/lib\libnx.a(buffer_producer.o)
                              d:/devkitPro/libnx/lib\libnx.a(gfx.o) (bufferProducerInitialize)
d:/devkitPro/libnx/lib\libnx.a(binder.o)
                              d:/devkitPro/libnx/lib\libnx.a(gfx.o) (binderCreateSession)
d:/devkitPro/libnx/lib\libnx.a(parcel.o)
                              d:/devkitPro/libnx/lib\libnx.a(buffer_producer.o) (parcelInitialize)
d:/devkitPro/libnx/lib\libnx.a(decode_utf8.o)
                              d:/devkitPro/libnx/lib\libnx.a(fs_dev.o) (decode_utf8)
d:/devkitPro/libnx/lib\libnx.a(readtp.o)
                              d:/devkitPro/libnx/lib\libnx.a(fs_dev.o) (__aarch64_read_tp)
d:/devkitPro/libnx/lib\libnx.a(tmem.o)
                              d:/devkitPro/libnx/lib\libnx.a(nv.o) (tmemCreate)
d:/devkitpro/devkita64/bin/../lib/gcc/aarch64-none-elf/7.3.0/../../../../aarch64-none-elf/lib/pic\libg.a(lib_a-bsearch.o)
                              d:/devkitPro/libnx/lib\libnx.a(fs_dev.o) (bsearch)
[...]
Memory Configuration

Name             Origin             Length             Attributes
*default*        0x0000000000000000 0xffffffffffffffff

Linker script and memory map

                0x0000000000000000                PROVIDE (__start__ = 0x0)
                0x0000000000000000                . = __start__

.crt0           0x0000000000000000      0x118
 *(.crt0)
 .crt0          0x0000000000000000      0x114 d:/devkitPro/libnx/lib\libnx.a(switch_crt0.o)
                0x0000000000000000                _start
                0x0000000000000104                __nx_exit
                0x0000000000000118                . = ALIGN (0x8)
 *fill*         0x0000000000000114        0x4 

.init           0x0000000000000118       0x38
 *(.init)
 .init          0x0000000000000118       0x18 d:/devkitpro/devkita64/bin/../lib/gcc/aarch64-none-elf/7.3.0/pic/crti.o
                0x0000000000000118                _init
 .init          0x0000000000000130       0x1c d:/devkitpro/devkita64/bin/../lib/gcc/aarch64-none-elf/7.3.0/pic/crtn.o
                0x0000000000000150                . = ALIGN (0x8)
 *fill*         0x000000000000014c        0x4 

.plt            0x0000000000000150        0x0
 *(.plt)
 .plt           0x0000000000000150        0x0 d:/devkitpro/devkita64/bin/../lib/gcc/aarch64-none-elf/7.3.0/pic/crti.o
 *(.iplt)
                0x0000000000000150                . = ALIGN (0x8)

.text           0x0000000000000180    0x1ed88
 *(.text.unlikely .text.*_unlikely .text.unlikely.*)
 .text.unlikely.sulp
                0x0000000000000180       0x54 d:/devkitpro/devkita64/bin/../lib/gcc/aarch64-none-elf/7.3.0/../../../../aarch64-none-elf/lib/pic\libg.a(lib_a-strtod.o)
 *(.text.exit .text.exit.*)
 *(.text.startup .text.startup.*)
 *fill*         0x00000000000001d4        0xc 
 .text.startup.main
                0x00000000000001e0      0x47c main.o
                0x00000000000001e0                main
 *(.text.hot .text.hot.*)
 *(.text .stub .text.* .gnu.linkonce.t.*)
 *fill*         0x000000000000065c        0x4 
 .text.deregister_tm_clones
                0x0000000000000660       0x2c d:/devkitpro/devkita64/bin/../lib/gcc/aarch64-none-elf/7.3.0/pic/crtbegin.o
 *fill*         0x000000000000068c        0x4 
 .text.register_tm_clones
                0x0000000000000690       0x3c d:/devkitpro/devkita64/bin/../lib/gcc/aarch64-none-elf/7.3.0/pic/crtbegin.o
 *fill*         0x00000000000006cc        0x4 
 .text.__do_global_dtors_aux
                0x00000000000006d0       0x48 d:/devkitpro/devkita64/bin/../lib/gcc/aarch64-none-elf/7.3.0/pic/crtbegin.o
 .text.frame_dummy
                0x0000000000000718       0x34 d:/devkitpro/devkita64/bin/../lib/gcc/aarch64-none-elf/7.3.0/pic/crtbegin.o
 *fill*         0x000000000000074c        0x4 
 .text.canvas_init
                0x0000000000000750      0x1ac main.o
                0x0000000000000750                canvas_init
 *fill*         0x00000000000008fc        0x4 
 .text.canvas_draw
                0x0000000000000900       0xac main.o
                0x0000000000000900                canvas_draw
 *fill*         0x00000000000009ac        0x4 
 .text.consoleDrawChar
                0x00000000000009b0      0x2b4 d:/devkitPro/libnx/lib\libnx.a(console.o)
                0x00000000000009b0                consoleDrawChar
 *fill*         0x0000000000000c64        0xc 
 .text.consolePrintChar
                0x0000000000000c70      0x164 d:/devkitPro/libnx/lib\libnx.a(console.o)
                0x0000000000000c70                consolePrintChar
 *fill*         0x0000000000000dd4        0xc 
 .text.consoleClearLine
                0x0000000000000de0      0x18c d:/devkitPro/libnx/lib\libnx.a(console.o)
 *fill*         0x0000000000000f6c        0x4 
 .text.newRow   0x0000000000000f70      0x1c4 d:/devkitPro/libnx/lib\libnx.a(console.o)
 *fill*         0x0000000000001134        0xc 
 .text.consoleCls
                0x0000000000001140      0x1bc d:/devkitPro/libnx/lib\libnx.a(console.o)
 *fill*         0x00000000000012fc        0x4 
 .text.consoleInit
                0x0000000000001300       0xf4 d:/devkitPro/libnx/lib\libnx.a(console.o)
                0x0000000000001300                consoleInit
 *fill*         0x00000000000013f4        0xc 
 .text.con_write
                0x0000000000001400      0x864 d:/devkitPro/libnx/lib\libnx.a(console.o)
 *fill*         0x0000000000001c64        0xc 
 .text.ipcCloseObjectById
                0x0000000000001c70       0x34 d:/devkitPro/libnx/lib\libnx.a(applet.o)
 *fill*         0x0000000000001ca4        0xc 
 .text._appletGetHandle
                0x0000000000001cb0      0x120 d:/devkitPro/libnx/lib\libnx.a(applet.o)
 .text._appletGetOperationMode.constprop.12
                0x0000000000001dd0       0xe0 d:/devkitPro/libnx/lib\libnx.a(applet.o)
 .text._appletGetPerformanceMode.constprop.13
                0x0000000000001eb0       0xe0 d:/devkitPro/libnx/lib\libnx.a(applet.o)
 .text._appletReceiveMessage
                0x0000000000001f90       0xe8 d:/devkitPro/libnx/lib\libnx.a(applet.o)
 *fill*         0x0000000000002078        0x8 
 .text._appletGetCurrentFocusState.constprop.14
                0x0000000000002080       0xe0 d:/devkitPro/libnx/lib\libnx.a(applet.o)
 .text._appletAcquireForegroundRights
                0x0000000000002160       0xcc d:/devkitPro/libnx/lib\libnx.a(applet.o)
 *fill*         0x000000000000222c        0x4 
 .text._appletSetOperationModeChangedNotification.constprop.15
                0x0000000000002230       0xd4 d:/devkitPro/libnx/lib\libnx.a(applet.o)
 *fill*         0x0000000000002304        0xc 
 .text._appletSetOutOfFocusSuspendingEnabled
                0x0000000000002310       0xcc d:/devkitPro/libnx/lib\libnx.a(applet.o)
 *fill*         0x00000000000023dc        0x4 
 .text._appletSetPerformanceModeChangedNotification.constprop.16
                0x00000000000023e0       0xd4 d:/devkitPro/libnx/lib\libnx.a(applet.o)
 *fill*         0x00000000000024b4        0xc 
 .text._appletSetFocusHandlingMode
                0x00000000000024c0       0xd4 d:/devkitPro/libnx/lib\libnx.a(applet.o)
 *fill*         0x0000000000002594        0xc 
 .text._appletGetAppletResourceUserId.constprop.10
                0x00000000000025a0       0xe0 d:/devkitPro/libnx/lib\libnx.a(applet.o)
 .text._appletGetSessionProxy.constprop.9
                0x0000000000002680      0x148 d:/devkitPro/libnx/lib\libnx.a(applet.o)
 *fill*         0x00000000000027c8        0x8 
 .text.appletExit
                0x00000000000027d0      0x3cc d:/devkitPro/libnx/lib\libnx.a(applet.o)
                0x00000000000027d0                appletExit
 *fill*         0x0000000000002b9c        0x4 
 .text.appletHook
                0x0000000000002ba0       0x28 d:/devkitPro/libnx/lib\libnx.a(applet.o)
                0x0000000000002ba0                appletHook
 *fill*         0x0000000000002bc8        0x8 
 .text.appletUnhook
                0x0000000000002bd0       0x34 d:/devkitPro/libnx/lib\libnx.a(applet.o)
                0x0000000000002bd0                appletUnhook
 *fill*         0x0000000000002c04        0xc 
 .text.appletGetAppletResourceUserId
                0x0000000000002c10       0x28 d:/devkitPro/libnx/lib\libnx.a(applet.o)
                0x0000000000002c10                appletGetAppletResourceUserId
 *fill*         0x0000000000002c38        0x8 
 .text.appletNotifyRunning
                0x0000000000002c40      0x11c d:/devkitPro/libnx/lib\libnx.a(applet.o)
                0x0000000000002c40                appletNotifyRunning
 *fill*         0x0000000000002d5c        0x4 
 .text.appletInitialize
                0x0000000000002d60      0x578 d:/devkitPro/libnx/lib\libnx.a(applet.o)
                0x0000000000002d60                appletInitialize
 *fill*         0x00000000000032d8        0x8 
 .text.appletCreateManagedDisplayLayer
                0x00000000000032e0       0xe8 d:/devkitPro/libnx/lib\libnx.a(applet.o)
                0x00000000000032e0                appletCreateManagedDisplayLayer
 *fill*         0x00000000000033c8        0x8 
 .text.appletGetOperationMode
                0x00000000000033d0        0xc d:/devkitPro/libnx/lib\libnx.a(applet.o)
                0x00000000000033d0                appletGetOperationMode
 *fill*         0x00000000000033dc        0x4 
 .text.appletMainLoop
                0x00000000000033e0      0x15c d:/devkitPro/libnx/lib\libnx.a(applet.o)
                0x00000000000033e0                appletMainLoop
 *fill*         0x000000000000353c        0x4 
 .text._hidGetSharedMemoryHandle.constprop.6
                0x0000000000003540      0x128 d:/devkitPro/libnx/lib\libnx.a(hid.o)
 *fill*         0x0000000000003668        0x8 
 .text._hidCreateAppletResource.constprop.5
                0x0000000000003670      0x138 d:/devkitPro/libnx/lib\libnx.a(hid.o)
 *fill*         0x00000000000037a8        0x8 
 .text.ipcCloseObjectById
                0x00000000000037b0       0x34 d:/devkitPro/libnx/lib\libnx.a(hid.o)
 *fill*         0x00000000000037e4        0xc 
 .text.hidExit  0x00000000000037f0       0xbc d:/devkitPro/libnx/lib\libnx.a(hid.o)
                0x00000000000037f0                hidExit
 *fill*         0x00000000000038ac        0x4 
 .text.hidReset
                0x00000000000038b0      0x1a4 d:/devkitPro/libnx/lib\libnx.a(hid.o)
                0x00000000000038b0                hidReset
 *fill*         0x0000000000003a54        0xc 
 .text.hidInitialize
                0x0000000000003a60       0xb0 d:/devkitPro/libnx/lib\libnx.a(hid.o)
                0x0000000000003a60                hidInitialize
 .text.hidGetSharedmemAddr
                0x0000000000003b10        0xc d:/devkitPro/libnx/lib\libnx.a(hid.o)
                0x0000000000003b10                hidGetSharedmemAddr
 *fill*         0x0000000000003b1c        0x4 
 .text.hidKeysDown
                0x0000000000003b20       0x6c d:/devkitPro/libnx/lib\libnx.a(hid.o)
                0x0000000000003b20                hidKeysDown
 *fill*         0x0000000000003b8c        0x4 
 .text.hidTouchCount
                0x0000000000003b90        0xc d:/devkitPro/libnx/lib\libnx.a(hid.o)
                0x0000000000003b90                hidTouchCount
 *fill*         0x0000000000003b9c        0x4 
 .text.hidScanInput
                0x0000000000003ba0      0x470 d:/devkitPro/libnx/lib\libnx.a(hid.o)
                0x0000000000003ba0                hidScanInput
 .text.smAddOverrideHandle
                0x0000000000004010       0x44 d:/devkitPro/libnx/lib\libnx.a(sm.o)
                0x0000000000004010                smAddOverrideHandle
 *fill*         0x0000000000004054        0xc 
 .text.smGetServiceOverride
                0x0000000000004060       0x64 d:/devkitPro/libnx/lib\libnx.a(sm.o)
                0x0000000000004060                smGetServiceOverride
 *fill*         0x00000000000040c4        0xc 
 .text.smHasInitialized
                0x00000000000040d0       0x14 d:/devkitPro/libnx/lib\libnx.a(sm.o)
                0x00000000000040d0                smHasInitialized
 *fill*         0x00000000000040e4        0xc 
 .text.smExit   0x00000000000040f0       0x28 d:/devkitPro/libnx/lib\libnx.a(sm.o)
                0x00000000000040f0                smExit
 *fill*         0x0000000000004118        0x8 
 .text.smEncodeName
                0x0000000000004120       0x34 d:/devkitPro/libnx/lib\libnx.a(sm.o)
                0x0000000000004120                smEncodeName
 *fill*         0x0000000000004154        0xc 
 .text.smGetServiceOriginal
                0x0000000000004160      0x128 d:/devkitPro/libnx/lib\libnx.a(sm.o)
                0x0000000000004160                smGetServiceOriginal
 *fill*         0x0000000000004288        0x8 
 .text.smInitialize
                0x0000000000004290      0x148 d:/devkitPro/libnx/lib\libnx.a(sm.o)
                0x0000000000004290                smInitialize
 *fill*         0x00000000000043d8        0x8 
 .text.smGetService
                0x00000000000043e0       0x74 d:/devkitPro/libnx/lib\libnx.a(sm.o)
                0x00000000000043e0                smGetService
 *fill*         0x0000000000004454        0xc 
 .text.fatalSimple
                0x0000000000004460       0xbc d:/devkitPro/libnx/lib\libnx.a(fatal.o)
                0x0000000000004460                fatalSimple
 *fill*         0x000000000000451c        0x4 
 .text.ipcCloseObjectById
                0x0000000000004520       0x34 d:/devkitPro/libnx/lib\libnx.a(apm.o)
 *fill*         0x0000000000004554        0xc 
 .text._apmGetSession.constprop.3
                0x0000000000004560      0x128 d:/devkitPro/libnx/lib\libnx.a(apm.o)
 *fill*         0x0000000000004688        0x8 
 .text.apmExit  0x0000000000004690       0xac d:/devkitPro/libnx/lib\libnx.a(apm.o)
                0x0000000000004690                apmExit
 *fill*         0x000000000000473c        0x4 
 .text.apmInitialize
                0x0000000000004740       0x74 d:/devkitPro/libnx/lib\libnx.a(apm.o)
                0x0000000000004740                apmInitialize
 *fill*         0x00000000000047b4        0xc 
 .text.apmSetPerformanceConfiguration
                0x00000000000047c0       0xcc d:/devkitPro/libnx/lib\libnx.a(apm.o)
                0x00000000000047c0                apmSetPerformanceConfiguration
 *fill*         0x000000000000488c        0x4 
 .text._gfxDequeueBuffer.part.0
                0x0000000000004890       0xc4 d:/devkitPro/libnx/lib\libnx.a(gfx.o)
 *fill*         0x0000000000004954        0xc 
 .text._gfxQueueBuffer.part.1
                0x0000000000004960       0x38 d:/devkitPro/libnx/lib\libnx.a(gfx.o)
 *fill*         0x0000000000004998        0x8 
 .text.gfxConfigureCrop
                0x00000000000049a0       0xe8 d:/devkitPro/libnx/lib\libnx.a(gfx.o)
                0x00000000000049a0                gfxConfigureCrop
 *fill*         0x0000000000004a88        0x8 
 .text.gfxConfigureResolution
                0x0000000000004a90       0x14 d:/devkitPro/libnx/lib\libnx.a(gfx.o)
                0x0000000000004a90                gfxConfigureResolution
 *fill*         0x0000000000004aa4        0xc 
 .text._gfxAutoResolutionAppletHook
                0x0000000000004ab0       0x68 d:/devkitPro/libnx/lib\libnx.a(gfx.o)
 *fill*         0x0000000000004b18        0x8 
 .text.gfxConfigureAutoResolution
                0x0000000000004b20      0x11c d:/devkitPro/libnx/lib\libnx.a(gfx.o)
                0x0000000000004b20                gfxConfigureAutoResolution
 *fill*         0x0000000000004c3c        0x4 
 .text.gfxExit  0x0000000000004c40      0x194 d:/devkitPro/libnx/lib\libnx.a(gfx.o)
                0x0000000000004c40                gfxExit
 *fill*         0x0000000000004dd4        0xc 
 .text._gfxGraphicBufferInit
                0x0000000000004de0       0x54 d:/devkitPro/libnx/lib\libnx.a(gfx.o)
                0x0000000000004de0                _gfxGraphicBufferInit
 *fill*         0x0000000000004e34        0xc 
 .text.gfxWaitForVsync
                0x0000000000004e40       0x80 d:/devkitPro/libnx/lib\libnx.a(gfx.o)
                0x0000000000004e40                gfxWaitForVsync
 .text.gfxInitDefault
                0x0000000000004ec0      0x5f0 d:/devkitPro/libnx/lib\libnx.a(gfx.o)
                0x0000000000004ec0                gfxInitDefault
 .text.gfxSwapBuffers
                0x00000000000054b0       0x60 d:/devkitPro/libnx/lib\libnx.a(gfx.o)
                0x00000000000054b0                gfxSwapBuffers
 .text.gfxGetFramebuffer
                0x0000000000005510       0x6c d:/devkitPro/libnx/lib\libnx.a(gfx.o)
                0x0000000000005510                gfxGetFramebuffer
 *fill*         0x000000000000557c        0x4 
 .text.gfxSetMode
                0x0000000000005580        0xc d:/devkitPro/libnx/lib\libnx.a(gfx.o)
                0x0000000000005580                gfxSetMode
 *fill*         0x000000000000558c        0x4 
 .text.gfxFlushBuffers
                0x0000000000005590      0x124 d:/devkitPro/libnx/lib\libnx.a(gfx.o)
                0x0000000000005590                gfxFlushBuffers
 *fill*         0x00000000000056b4        0xc 
 .text.nvmapobjClose
                0x00000000000056c0       0x3c d:/devkitPro/libnx/lib\libnx.a(nvgfx.o)
 *fill*         0x00000000000056fc        0x4 
 .text.nvmapobjInitialize.part.0
                0x0000000000005700       0x70 d:/devkitPro/libnx/lib\libnx.a(nvgfx.o)
 .text.nvmapobjSetup.constprop.2
                0x0000000000005770       0x74 d:/devkitPro/libnx/lib\libnx.a(nvgfx.o)
 *fill*         0x00000000000057e4        0xc 
 .text.nvgfxInitialize
                0x00000000000057f0      0xbd4 d:/devkitPro/libnx/lib\libnx.a(nvgfx.o)
                0x00000000000057f0                nvgfxInitialize
 *fill*         0x00000000000063c4        0xc 
 .text.nvgfxExit
                0x00000000000063d0      0x12c d:/devkitPro/libnx/lib\libnx.a(nvgfx.o)
                0x00000000000063d0                nvgfxExit
 *fill*         0x00000000000064fc        0x4 
 .text.nvgfxEventWait
                0x0000000000006500       0x68 d:/devkitPro/libnx/lib\libnx.a(nvgfx.o)
                0x0000000000006500                nvgfxEventWait
 *fill*         0x0000000000006568        0x8 
 .text.nvgfxGetFramebuffer
                0x0000000000006570       0x40 d:/devkitPro/libnx/lib\libnx.a(nvgfx.o)
                0x0000000000006570                nvgfxGetFramebuffer
 .text.nvioctlNvhostCtrl_EventWait
                0x00000000000065b0       0x40 d:/devkitPro/libnx/lib\libnx.a(nvhost-ctrl.o)
                0x00000000000065b0                nvioctlNvhostCtrl_EventWait
 .text.nvioctlNvhostCtrlGpu_ZCullGetCtxSize
                0x00000000000065f0       0x3c d:/devkitPro/libnx/lib\libnx.a(nvhost-ctrl-gpu.o)
                0x00000000000065f0                nvioctlNvhostCtrlGpu_ZCullGetCtxSize
 *fill*         0x000000000000662c        0x4 
 .text.nvioctlNvhostCtrlGpu_ZCullGetInfo
                0x0000000000006630       0x54 d:/devkitPro/libnx/lib\libnx.a(nvhost-ctrl-gpu.o)
                0x0000000000006630                nvioctlNvhostCtrlGpu_ZCullGetInfo
 *fill*         0x0000000000006684        0xc 
 .text.nvioctlNvhostCtrlGpu_GetCharacteristics
                0x0000000000006690       0x88 d:/devkitPro/libnx/lib\libnx.a(nvhost-ctrl-gpu.o)
                0x0000000000006690                nvioctlNvhostCtrlGpu_GetCharacteristics
 *fill*         0x0000000000006718        0x8 
 .text.nvioctlNvhostCtrlGpu_GetTpcMasks
                0x0000000000006720       0x5c d:/devkitPro/libnx/lib\libnx.a(nvhost-ctrl-gpu.o)
                0x0000000000006720                nvioctlNvhostCtrlGpu_GetTpcMasks
 *fill*         0x000000000000677c        0x4 
 .text.nvioctlNvhostCtrlGpu_GetL2State
                0x0000000000006780       0x3c d:/devkitPro/libnx/lib\libnx.a(nvhost-ctrl-gpu.o)
                0x0000000000006780                nvioctlNvhostCtrlGpu_GetL2State
 *fill*         0x00000000000067bc        0x4 
 .text.nvioctlNvhostAsGpu_BindChannel
                0x00000000000067c0       0x24 d:/devkitPro/libnx/lib\libnx.a(nvhost-as-gpu.o)
                0x00000000000067c0                nvioctlNvhostAsGpu_BindChannel
 *fill*         0x00000000000067e4        0xc 
 .text.nvioctlNvhostAsGpu_AllocSpace
                0x00000000000067f0       0x44 d:/devkitPro/libnx/lib\libnx.a(nvhost-as-gpu.o)
                0x00000000000067f0                nvioctlNvhostAsGpu_AllocSpace
 *fill*         0x0000000000006834        0xc 
 .text.nvioctlNvhostAsGpu_MapBufferEx
                0x0000000000006840       0x50 d:/devkitPro/libnx/lib\libnx.a(nvhost-as-gpu.o)
                0x0000000000006840                nvioctlNvhostAsGpu_MapBufferEx
 .text.nvioctlNvhostAsGpu_GetVARegions
                0x0000000000006890       0x64 d:/devkitPro/libnx/lib\libnx.a(nvhost-as-gpu.o)
                0x0000000000006890                nvioctlNvhostAsGpu_GetVARegions
 *fill*         0x00000000000068f4        0xc 
 .text.nvioctlNvhostAsGpu_InitializeEx
                0x0000000000006900       0x3c d:/devkitPro/libnx/lib\libnx.a(nvhost-as-gpu.o)
                0x0000000000006900                nvioctlNvhostAsGpu_InitializeEx
 *fill*         0x000000000000693c        0x4 
 .text.nvioctlChannel_SetNvmapFd
                0x0000000000006940       0x24 d:/devkitPro/libnx/lib\libnx.a(channel.o)
                0x0000000000006940                nvioctlChannel_SetNvmapFd
 *fill*         0x0000000000006964        0xc 
 .text.nvioctlChannel_AllocObjCtx
                0x0000000000006970       0x30 d:/devkitPro/libnx/lib\libnx.a(channel.o)
                0x0000000000006970                nvioctlChannel_AllocObjCtx
 .text.nvioctlChannel_ZCullBind
                0x00000000000069a0       0x28 d:/devkitPro/libnx/lib\libnx.a(channel.o)
                0x00000000000069a0                nvioctlChannel_ZCullBind
 *fill*         0x00000000000069c8        0x8 
 .text.nvioctlChannel_SetErrorNotifier
                0x00000000000069d0       0x28 d:/devkitPro/libnx/lib\libnx.a(channel.o)
                0x00000000000069d0                nvioctlChannel_SetErrorNotifier
 *fill*         0x00000000000069f8        0x8 
 .text.nvioctlChannel_SetPriority
                0x0000000000006a00       0x24 d:/devkitPro/libnx/lib\libnx.a(channel.o)
                0x0000000000006a00                nvioctlChannel_SetPriority
 *fill*         0x0000000000006a24        0xc 
 .text.nvioctlChannel_AllocGpfifoEx2
                0x0000000000006a30       0x54 d:/devkitPro/libnx/lib\libnx.a(channel.o)
                0x0000000000006a30                nvioctlChannel_AllocGpfifoEx2
 *fill*         0x0000000000006a84        0xc 
 .text.nvioctlChannel_SetUserData
                0x0000000000006a90       0x24 d:/devkitPro/libnx/lib\libnx.a(channel.o)
                0x0000000000006a90                nvioctlChannel_SetUserData
 *fill*         0x0000000000006ab4        0xc 
 .text.nvioctlNvmap_Create
                0x0000000000006ac0       0x3c d:/devkitPro/libnx/lib\libnx.a(nvmap.o)
                0x0000000000006ac0                nvioctlNvmap_Create
 *fill*         0x0000000000006afc        0x4 
 .text.nvioctlNvmap_FromId
                0x0000000000006b00       0x3c d:/devkitPro/libnx/lib\libnx.a(nvmap.o)
                0x0000000000006b00                nvioctlNvmap_FromId
 *fill*         0x0000000000006b3c        0x4 
 .text.nvioctlNvmap_Alloc
                0x0000000000006b40       0x30 d:/devkitPro/libnx/lib\libnx.a(nvmap.o)
                0x0000000000006b40                nvioctlNvmap_Alloc
 .text.nvioctlNvmap_GetId
                0x0000000000006b70       0x3c d:/devkitPro/libnx/lib\libnx.a(nvmap.o)
                0x0000000000006b70                nvioctlNvmap_GetId
 .text.armDCacheFlush
                0x0000000000006bac       0x3c d:/devkitPro/libnx/lib\libnx.a(cache.o)
                0x0000000000006bac                armDCacheFlush
 .text.svcSetHeapSize
                0x0000000000006be8       0x14 d:/devkitPro/libnx/lib\libnx.a(svc.o)
                0x0000000000006be8                svcSetHeapSize
 .text.svcUnmapMemory
                0x0000000000006bfc        0x8 d:/devkitPro/libnx/lib\libnx.a(svc.o)
                0x0000000000006bfc                svcUnmapMemory
 .text.svcQueryMemory
                0x0000000000006c04       0x14 d:/devkitPro/libnx/lib\libnx.a(svc.o)
                0x0000000000006c04                svcQueryMemory
 .text.svcExitProcess
                0x0000000000006c18        0x8 d:/devkitPro/libnx/lib\libnx.a(svc.o)
                0x0000000000006c18                svcExitProcess
 .text.svcSleepThread
                0x0000000000006c20        0x8 d:/devkitPro/libnx/lib\libnx.a(svc.o)
                0x0000000000006c20                svcSleepThread
 .text.svcMapSharedMemory
                0x0000000000006c28        0x8 d:/devkitPro/libnx/lib\libnx.a(svc.o)
                0x0000000000006c28                svcMapSharedMemory
 .text.svcUnmapSharedMemory
                0x0000000000006c30        0x8 d:/devkitPro/libnx/lib\libnx.a(svc.o)
                0x0000000000006c30                svcUnmapSharedMemory
 .text.svcCreateTransferMemory
                0x0000000000006c38       0x14 d:/devkitPro/libnx/lib\libnx.a(svc.o)
                0x0000000000006c38                svcCreateTransferMemory
 .text.svcCloseHandle
                0x0000000000006c4c        0x8 d:/devkitPro/libnx/lib\libnx.a(svc.o)
                0x0000000000006c4c                svcCloseHandle
 .text.svcResetSignal
                0x0000000000006c54        0x8 d:/devkitPro/libnx/lib\libnx.a(svc.o)
                0x0000000000006c54                svcResetSignal
 .text.svcWaitSynchronization
                0x0000000000006c5c       0x14 d:/devkitPro/libnx/lib\libnx.a(svc.o)
                0x0000000000006c5c                svcWaitSynchronization
 .text.svcArbitrateLock
                0x0000000000006c70        0x8 d:/devkitPro/libnx/lib\libnx.a(svc.o)
                0x0000000000006c70                svcArbitrateLock
 .text.svcArbitrateUnlock
                0x0000000000006c78        0x8 d:/devkitPro/libnx/lib\libnx.a(svc.o)
                0x0000000000006c78                svcArbitrateUnlock
 .text.svcConnectToNamedPort
                0x0000000000006c80       0x14 d:/devkitPro/libnx/lib\libnx.a(svc.o)
                0x0000000000006c80                svcConnectToNamedPort
 .text.svcGetSystemTick
                0x0000000000006c94        0x8 d:/devkitPro/libnx/lib\libnx.a(svc.o)
                0x0000000000006c94                svcGetSystemTick
 .text.svcSendSyncRequest
                0x0000000000006c9c        0x8 d:/devkitPro/libnx/lib\libnx.a(svc.o)
                0x0000000000006c9c                svcSendSyncRequest
 .text.svcBreak
                0x0000000000006ca4        0x8 d:/devkitPro/libnx/lib\libnx.a(svc.o)
                0x0000000000006ca4                svcBreak
 .text.svcGetInfo
                0x0000000000006cac       0x14 d:/devkitPro/libnx/lib\libnx.a(svc.o)
                0x0000000000006cac                svcGetInfo
 .text.svcUnmapTransferMemory
                0x0000000000006cc0        0x8 d:/devkitPro/libnx/lib\libnx.a(svc.o)
                0x0000000000006cc0                svcUnmapTransferMemory
 *fill*         0x0000000000006cc8        0x8 
 .text.__nx_dynamic
                0x0000000000006cd0       0xac d:/devkitPro/libnx/lib\libnx.a(dynamic.o)
                0x0000000000006cd0                __nx_dynamic
 *fill*         0x0000000000006d7c        0x4 
 .text.__libnx_initheap
                0x0000000000006d80       0xdc d:/devkitPro/libnx/lib\libnx.a(init.o)
                0x0000000000006d80                __libnx_initheap
 *fill*         0x0000000000006e5c        0x4 
 .text.__appInit
                0x0000000000006e60       0x74 d:/devkitPro/libnx/lib\libnx.a(init.o)
                0x0000000000006e60                __appInit
 *fill*         0x0000000000006ed4        0xc 
 .text.__appExit
                0x0000000000006ee0       0x24 d:/devkitPro/libnx/lib\libnx.a(init.o)
                0x0000000000006ee0                __appExit
 *fill*         0x0000000000006f04        0xc 
 .text.__libnx_init
                0x0000000000006f10       0x28 d:/devkitPro/libnx/lib\libnx.a(init.o)
                0x0000000000006f10                __libnx_init
 *fill*         0x0000000000006f38        0x8 
 .text.__libnx_exit
                0x0000000000006f40       0x20 d:/devkitPro/libnx/lib\libnx.a(init.o)
                0x0000000000006f40                __libnx_exit
 .text.envSetup
                0x0000000000006f60      0x1ac d:/devkitPro/libnx/lib\libnx.a(env.o)
                0x0000000000006f60                envSetup
 *fill*         0x000000000000710c        0x4 
 .text.envGetMainThreadHandle
                0x0000000000007110       0x20 d:/devkitPro/libnx/lib\libnx.a(env.o)
                0x0000000000007110                envGetMainThreadHandle
 .text.envIsNso
                0x0000000000007130        0xc d:/devkitPro/libnx/lib\libnx.a(env.o)
                0x0000000000007130                envIsNso
 *fill*         0x000000000000713c        0x4 
 .text.envHasHeapOverride
                0x0000000000007140       0x14 d:/devkitPro/libnx/lib\libnx.a(env.o)
                0x0000000000007140                envHasHeapOverride
 *fill*         0x0000000000007154        0xc 
 .text.envGetHeapOverrideAddr
                0x0000000000007160        0xc d:/devkitPro/libnx/lib\libnx.a(env.o)
                0x0000000000007160                envGetHeapOverrideAddr
 *fill*         0x000000000000716c        0x4 
 .text.envGetHeapOverrideSize
                0x0000000000007170        0xc d:/devkitPro/libnx/lib\libnx.a(env.o)
                0x0000000000007170                envGetHeapOverrideSize
 *fill*         0x000000000000717c        0x4 
 .text.envHasArgv
                0x0000000000007180       0x14 d:/devkitPro/libnx/lib\libnx.a(env.o)
                0x0000000000007180                envHasArgv
 *fill*         0x0000000000007194        0xc 
 .text.envGetArgv
                0x00000000000071a0        0xc d:/devkitPro/libnx/lib\libnx.a(env.o)
                0x00000000000071a0                envGetArgv
 *fill*         0x00000000000071ac        0x4 
 .text.envGetExitFuncPtr
                0x00000000000071b0        0xc d:/devkitPro/libnx/lib\libnx.a(env.o)
                0x00000000000071b0                envGetExitFuncPtr
 *fill*         0x00000000000071bc        0x4 
 .text.mutexInit
                0x00000000000071c0        0x8 d:/devkitPro/libnx/lib\libnx.a(newlib.o)
 *fill*         0x00000000000071c8        0x8 
 .text.rmutexInit
                0x00000000000071d0        0xc d:/devkitPro/libnx/lib\libnx.a(newlib.o)
 *fill*         0x00000000000071dc        0x4 
 .text.__libnx_gtod
                0x00000000000071e0       0x90 d:/devkitPro/libnx/lib\libnx.a(newlib.o)
                0x00000000000071e0                __libnx_gtod
 .text.__libnx_get_reent
                0x0000000000007270       0x34 d:/devkitPro/libnx/lib\libnx.a(newlib.o)
 *fill*         0x00000000000072a4        0xc 
 .text.newlibSetup
                0x00000000000072b0       0xec d:/devkitPro/libnx/lib\libnx.a(newlib.o)
                0x00000000000072b0                newlibSetup
 *fill*         0x000000000000739c        0x4 
 .text.argvSetup
                0x00000000000073a0      0x37c d:/devkitPro/libnx/lib\libnx.a(argv.o)
                0x00000000000073a0                argvSetup
 *fill*         0x000000000000771c        0x4 
 .text._CacheValues.part.0
                0x0000000000007720       0x98 d:/devkitPro/libnx/lib\libnx.a(detect.o)
 *fill*         0x00000000000077b8        0x8 
 .text.kernelAbove200
                0x00000000000077c0       0x34 d:/devkitPro/libnx/lib\libnx.a(detect.o)
                0x00000000000077c0                kernelAbove200
 *fill*         0x00000000000077f4        0xc 
 .text.kernelAbove300
                0x0000000000007800       0x34 d:/devkitPro/libnx/lib\libnx.a(detect.o)
                0x0000000000007800                kernelAbove300
 *fill*         0x0000000000007834        0xc 
 .text.detectDebugger
                0x0000000000007840       0x30 d:/devkitPro/libnx/lib\libnx.a(detect.o)
                0x0000000000007840                detectDebugger
 .text.shmemLoadRemote
                0x0000000000007870       0x14 d:/devkitPro/libnx/lib\libnx.a(shmem.o)
                0x0000000000007870                shmemLoadRemote
 *fill*         0x0000000000007884        0xc 
 .text.shmemMap
                0x0000000000007890       0x9c d:/devkitPro/libnx/lib\libnx.a(shmem.o)
                0x0000000000007890                shmemMap
 *fill*         0x000000000000792c        0x4 
 .text.shmemUnmap
                0x0000000000007930       0x48 d:/devkitPro/libnx/lib\libnx.a(shmem.o)
                0x0000000000007930                shmemUnmap
 *fill*         0x0000000000007978        0x8 
 .text.shmemClose
                0x0000000000007980       0x40 d:/devkitPro/libnx/lib\libnx.a(shmem.o)
                0x0000000000007980                shmemClose
 .text.rwlockReadLock
                0x00000000000079c0       0x3c d:/devkitPro/libnx/lib\libnx.a(rwlock.o)
                0x00000000000079c0                rwlockReadLock
 *fill*         0x00000000000079fc        0x4 
 .text.rwlockReadUnlock
                0x0000000000007a00       0x50 d:/devkitPro/libnx/lib\libnx.a(rwlock.o)
                0x0000000000007a00                rwlockReadUnlock
 .text.rwlockWriteLock
                0x0000000000007a50        0x8 d:/devkitPro/libnx/lib\libnx.a(rwlock.o)
                0x0000000000007a50                rwlockWriteLock
 *fill*         0x0000000000007a58        0x8 
 .text.rwlockWriteUnlock
                0x0000000000007a60        0x8 d:/devkitPro/libnx/lib\libnx.a(rwlock.o)
                0x0000000000007a60                rwlockWriteUnlock
 *fill*         0x0000000000007a68        0x8 
 .text.mutexLock
                0x0000000000007a70       0x94 d:/devkitPro/libnx/lib\libnx.a(mutex.o)
                0x0000000000007a70                mutexLock
 *fill*         0x0000000000007b04        0xc 
 .text.mutexUnlock
                0x0000000000007b10       0x24 d:/devkitPro/libnx/lib\libnx.a(mutex.o)
                0x0000000000007b10                mutexUnlock
 *fill*         0x0000000000007b34        0xc 
 .text.rmutexLock
                0x0000000000007b40       0x4c d:/devkitPro/libnx/lib\libnx.a(mutex.o)
                0x0000000000007b40                rmutexLock
 *fill*         0x0000000000007b8c        0x4 
 .text.rmutexUnlock
                0x0000000000007b90       0x20 d:/devkitPro/libnx/lib\libnx.a(mutex.o)
                0x0000000000007b90                rmutexUnlock
 .text._GetRegionFromInfo
                0x0000000000007bb0       0x68 d:/devkitPro/libnx/lib\libnx.a(virtmem.o)
 *fill*         0x0000000000007c18        0x8 
 .text.virtmemSetup
                0x0000000000007c20       0xd4 d:/devkitPro/libnx/lib\libnx.a(virtmem.o)
                0x0000000000007c20                virtmemSetup
 *fill*         0x0000000000007cf4        0xc 
 .text.virtmemReserve
                0x0000000000007d00      0x13c d:/devkitPro/libnx/lib\libnx.a(virtmem.o)
                0x0000000000007d00                virtmemReserve
 *fill*         0x0000000000007e3c        0x4 
 .text.virtmemFree
                0x0000000000007e40        0x4 d:/devkitPro/libnx/lib\libnx.a(virtmem.o)
                0x0000000000007e40                virtmemFree
 *fill*         0x0000000000007e44        0xc 
 .text.fsdev_link
                0x0000000000007e50       0x10 d:/devkitPro/libnx/lib\libnx.a(fs_dev.o)
 .text.fsdev_dirreset
                0x0000000000007e60       0x10 d:/devkitPro/libnx/lib\libnx.a(fs_dev.o)
 .text.fsdev_chmod
                0x0000000000007e70       0x10 d:/devkitPro/libnx/lib\libnx.a(fs_dev.o)
 .text.error_cmp
                0x0000000000007e80       0x20 d:/devkitPro/libnx/lib\libnx.a(fs_dev.o)
 .text.fsdev_translate_error
                0x0000000000007ea0       0x60 d:/devkitPro/libnx/lib\libnx.a(fs_dev.o)
 .text.fsdev_fsync
                0x0000000000007f00       0x40 d:/devkitPro/libnx/lib\libnx.a(fs_dev.o)
 .text.fsdev_ftruncate
                0x0000000000007f40       0x64 d:/devkitPro/libnx/lib\libnx.a(fs_dev.o)
 *fill*         0x0000000000007fa4        0xc 
 .text.fsdev_dirclose
                0x0000000000007fb0       0x20 d:/devkitPro/libnx/lib\libnx.a(fs_dev.o)
 .text.fsdev_dirnext
                0x0000000000007fd0      0x184 d:/devkitPro/libnx/lib\libnx.a(fs_dev.o)
 *fill*         0x0000000000008154        0xc 
 .text.fsdev_close
                0x0000000000008160       0x1c d:/devkitPro/libnx/lib\libnx.a(fs_dev.o)
 *fill*         0x000000000000817c        0x4 
 .text.fsdev_fstat
                0x0000000000008180       0x80 d:/devkitPro/libnx/lib\libnx.a(fs_dev.o)
 .text.fsdev_seek
                0x0000000000008200       0xb8 d:/devkitPro/libnx/lib\libnx.a(fs_dev.o)
 *fill*         0x00000000000082b8        0x8 
 .text.fsdevFindDevice
                0x00000000000082c0      0x108 d:/devkitPro/libnx/lib\libnx.a(fs_dev.o)
 *fill*         0x00000000000083c8        0x8 
 .text._fsdevMountDevice
                0x00000000000083d0      0x128 d:/devkitPro/libnx/lib\libnx.a(fs_dev.o)
 *fill*         0x00000000000084f8        0x8 
 .text._fsdevUnmountDeviceStruct.part.1
                0x0000000000008500       0xb0 d:/devkitPro/libnx/lib\libnx.a(fs_dev.o)
 .text.fsdev_getfspath
                0x00000000000085b0      0x208 d:/devkitPro/libnx/lib\libnx.a(fs_dev.o)
 *fill*         0x00000000000087b8        0x8 
 .text.fsdev_rmdir
                0x00000000000087c0       0x70 d:/devkitPro/libnx/lib\libnx.a(fs_dev.o)
 .text.fsdev_statvfs
                0x0000000000008830       0xd8 d:/devkitPro/libnx/lib\libnx.a(fs_dev.o)
 *fill*         0x0000000000008908        0x8 
 .text.fsdev_diropen
                0x0000000000008910       0xb8 d:/devkitPro/libnx/lib\libnx.a(fs_dev.o)
 *fill*         0x00000000000089c8        0x8 
 .text.fsdev_chdir
                0x00000000000089d0       0xc4 d:/devkitPro/libnx/lib\libnx.a(fs_dev.o)
 *fill*         0x0000000000008a94        0xc 
 .text.fsdev_mkdir
                0x0000000000008aa0       0x70 d:/devkitPro/libnx/lib\libnx.a(fs_dev.o)
 .text.fsdev_rename
                0x0000000000008b10      0x13c d:/devkitPro/libnx/lib\libnx.a(fs_dev.o)
 *fill*         0x0000000000008c4c        0x4 
 .text.fsdev_unlink
                0x0000000000008c50       0x70 d:/devkitPro/libnx/lib\libnx.a(fs_dev.o)
 .text.fsdev_stat
                0x0000000000008cc0      0x174 d:/devkitPro/libnx/lib\libnx.a(fs_dev.o)
 *fill*         0x0000000000008e34        0xc 
 .text.fsdev_open
                0x0000000000008e40      0x1ac d:/devkitPro/libnx/lib\libnx.a(fs_dev.o)
 *fill*         0x0000000000008fec        0x4 
 .text.fsdev_read
                0x0000000000008ff0      0x1b4 d:/devkitPro/libnx/lib\libnx.a(fs_dev.o)
 *fill*         0x00000000000091a4        0xc 
 .text.fsdev_write
                0x00000000000091b0      0x1d0 d:/devkitPro/libnx/lib\libnx.a(fs_dev.o)
 .text.fsdev_fchmod
                0x0000000000009380       0x10 d:/devkitPro/libnx/lib\libnx.a(fs_dev.o)
 .text.fsdevInit
                0x0000000000009390      0x1f0 d:/devkitPro/libnx/lib\libnx.a(fs_dev.o)
                0x0000000000009390                fsdevInit
 .text.fsdevExit
                0x0000000000009580       0x70 d:/devkitPro/libnx/lib\libnx.a(fs_dev.o)
                0x0000000000009580                fsdevExit
 .text.ipcCloseObjectById
                0x00000000000095f0       0x34 d:/devkitPro/libnx/lib\libnx.a(nv.o)
 *fill*         0x0000000000009624        0xc 
 .text._nvSetClientPID
                0x0000000000009630       0xd4 d:/devkitPro/libnx/lib\libnx.a(nv.o)
 *fill*         0x0000000000009704        0xc 
 .text.ipcQueryPointerBufferSize.constprop.6
                0x0000000000009710       0xc4 d:/devkitPro/libnx/lib\libnx.a(nv.o)
 *fill*         0x00000000000097d4        0xc 
 .text._nvInitialize.constprop.5
                0x00000000000097e0       0xec d:/devkitPro/libnx/lib\libnx.a(nv.o)
 *fill*         0x00000000000098cc        0x4 
 .text.nvExit   0x00000000000098d0       0x9c d:/devkitPro/libnx/lib\libnx.a(nv.o)
                0x00000000000098d0                nvExit
 *fill*         0x000000000000996c        0x4 
 .text.nvInitialize
                0x0000000000009970      0x198 d:/devkitPro/libnx/lib\libnx.a(nv.o)
                0x0000000000009970                nvInitialize
 *fill*         0x0000000000009b08        0x8 
 .text.nvConvertError
                0x0000000000009b10      0x120 d:/devkitPro/libnx/lib\libnx.a(nv.o)
                0x0000000000009b10                nvConvertError
 .text.nvOpen   0x0000000000009c30      0x124 d:/devkitPro/libnx/lib\libnx.a(nv.o)
                0x0000000000009c30                nvOpen
 *fill*         0x0000000000009d54        0xc 
 .text.nvIoctl  0x0000000000009d60      0x1c0 d:/devkitPro/libnx/lib\libnx.a(nv.o)
                0x0000000000009d60                nvIoctl
 .text.nvClose  0x0000000000009f20       0xd8 d:/devkitPro/libnx/lib\libnx.a(nv.o)
                0x0000000000009f20                nvClose
 *fill*         0x0000000000009ff8        0x8 
 .text.nvQueryEvent
                0x000000000000a000      0x140 d:/devkitPro/libnx/lib\libnx.a(nv.o)
                0x000000000000a000                nvQueryEvent
 .text.ipcCloseObjectById
                0x000000000000a140       0x34 d:/devkitPro/libnx/lib\libnx.a(time.o)
 *fill*         0x000000000000a174        0xc 
 .text._timeGetSession
                0x000000000000a180      0x138 d:/devkitPro/libnx/lib\libnx.a(time.o)
 *fill*         0x000000000000a2b8        0x8 
 .text.timeExit
                0x000000000000a2c0      0x194 d:/devkitPro/libnx/lib\libnx.a(time.o)
                0x000000000000a2c0                timeExit
 *fill*         0x000000000000a454        0xc 
 .text.timeInitialize
                0x000000000000a460       0xc0 d:/devkitPro/libnx/lib\libnx.a(time.o)
                0x000000000000a460                timeInitialize
 .text.timeGetCurrentTime
                0x000000000000a520      0x12c d:/devkitPro/libnx/lib\libnx.a(time.o)
                0x000000000000a520                timeGetCurrentTime
 *fill*         0x000000000000a64c        0x4 
 .text.ipcCloseObjectById
                0x000000000000a650       0x34 d:/devkitPro/libnx/lib\libnx.a(vi.o)
 *fill*         0x000000000000a684        0xc 
 .text._viGetSession.constprop.6
                0x000000000000a690      0x140 d:/devkitPro/libnx/lib\libnx.a(vi.o)
 .text._viCreatestray_layer.isra.4
                0x000000000000a7d0      0x130 d:/devkitPro/libnx/lib\libnx.a(vi.o)
 .text._viOpenLayer
                0x000000000000a900      0x138 d:/devkitPro/libnx/lib\libnx.a(vi.o)
 *fill*         0x000000000000aa38        0x8 
 .text.viExit   0x000000000000aa40      0x184 d:/devkitPro/libnx/lib\libnx.a(vi.o)
                0x000000000000aa40                viExit
 *fill*         0x000000000000abc4        0xc 
 .text.viInitialize
                0x000000000000abd0      0x29c d:/devkitPro/libnx/lib\libnx.a(vi.o)
                0x000000000000abd0                viInitialize
 *fill*         0x000000000000ae6c        0x4 
 .text.viGetSession_IHOSBinderDriverRelay
                0x000000000000ae70        0xc d:/devkitPro/libnx/lib\libnx.a(vi.o)
                0x000000000000ae70                viGetSession_IHOSBinderDriverRelay
 *fill*         0x000000000000ae7c        0x4 
 .text.viOpenDisplay
                0x000000000000ae80      0x140 d:/devkitPro/libnx/lib\libnx.a(vi.o)
                0x000000000000ae80                viOpenDisplay
 .text.viCloseDisplay
                0x000000000000afc0       0xf4 d:/devkitPro/libnx/lib\libnx.a(vi.o)
                0x000000000000afc0                viCloseDisplay
 *fill*         0x000000000000b0b4        0xc 
 .text.viOpenLayer
                0x000000000000b0c0       0xe0 d:/devkitPro/libnx/lib\libnx.a(vi.o)
                0x000000000000b0c0                viOpenLayer
 .text.viCloseLayer
                0x000000000000b1a0      0x104 d:/devkitPro/libnx/lib\libnx.a(vi.o)
                0x000000000000b1a0                viCloseLayer
 *fill*         0x000000000000b2a4        0xc 
 .text.viSetLayerScalingMode
                0x000000000000b2b0       0xe4 d:/devkitPro/libnx/lib\libnx.a(vi.o)
                0x000000000000b2b0                viSetLayerScalingMode
 *fill*         0x000000000000b394        0xc 
 .text.viGetDisplayVsyncEvent
                0x000000000000b3a0      0x130 d:/devkitPro/libnx/lib\libnx.a(vi.o)
                0x000000000000b3a0                viGetDisplayVsyncEvent
 .text.ipcCloseObjectById
                0x000000000000b4d0       0x34 d:/devkitPro/libnx/lib\libnx.a(fs.o)
 *fill*         0x000000000000b504        0xc 
 .text.fsInitialize
                0x000000000000b510      0x108 d:/devkitPro/libnx/lib\libnx.a(fs.o)
                0x000000000000b510                fsInitialize
 *fill*         0x000000000000b618        0x8 
 .text.fsExit   0x000000000000b620       0x6c d:/devkitPro/libnx/lib\libnx.a(fs.o)
                0x000000000000b620                fsExit
 *fill*         0x000000000000b68c        0x4 
 .text.fsMountSdcard
                0x000000000000b690      0x128 d:/devkitPro/libnx/lib\libnx.a(fs.o)
                0x000000000000b690                fsMountSdcard
 *fill*         0x000000000000b7b8        0x8 
 .text.fsFsCreateFile
                0x000000000000b7c0       0xf8 d:/devkitPro/libnx/lib\libnx.a(fs.o)
                0x000000000000b7c0                fsFsCreateFile
 *fill*         0x000000000000b8b8        0x8 
 .text.fsFsDeleteFile
                0x000000000000b8c0       0xf0 d:/devkitPro/libnx/lib\libnx.a(fs.o)
                0x000000000000b8c0                fsFsDeleteFile
 .text.fsFsCreateDirectory
                0x000000000000b9b0       0xf0 d:/devkitPro/libnx/lib\libnx.a(fs.o)
                0x000000000000b9b0                fsFsCreateDirectory
 .text.fsFsDeleteDirectory
                0x000000000000baa0       0xf0 d:/devkitPro/libnx/lib\libnx.a(fs.o)
                0x000000000000baa0                fsFsDeleteDirectory
 .text.fsFsRenameFile
                0x000000000000bb90      0x110 d:/devkitPro/libnx/lib\libnx.a(fs.o)
                0x000000000000bb90                fsFsRenameFile
 .text.fsFsRenameDirectory
                0x000000000000bca0      0x110 d:/devkitPro/libnx/lib\libnx.a(fs.o)
                0x000000000000bca0                fsFsRenameDirectory
 .text.fsFsGetEntryType
                0x000000000000bdb0      0x108 d:/devkitPro/libnx/lib\libnx.a(fs.o)
                0x000000000000bdb0                fsFsGetEntryType
 *fill*         0x000000000000beb8        0x8 
 .text.fsFsOpenFile
                0x000000000000bec0      0x158 d:/devkitPro/libnx/lib\libnx.a(fs.o)
                0x000000000000bec0                fsFsOpenFile
 *fill*         0x000000000000c018        0x8 
 .text.fsFsOpenDirectory
                0x000000000000c020      0x148 d:/devkitPro/libnx/lib\libnx.a(fs.o)
                0x000000000000c020                fsFsOpenDirectory
 *fill*         0x000000000000c168        0x8 
 .text.fsFsGetFreeSpace
                0x000000000000c170      0x108 d:/devkitPro/libnx/lib\libnx.a(fs.o)
                0x000000000000c170                fsFsGetFreeSpace
 *fill*         0x000000000000c278        0x8 
 .text.fsFsGetTotalSpace
                0x000000000000c280      0x108 d:/devkitPro/libnx/lib\libnx.a(fs.o)
                0x000000000000c280                fsFsGetTotalSpace
 *fill*         0x000000000000c388        0x8 
 .text.fsFsClose
                0x000000000000c390       0x14 d:/devkitPro/libnx/lib\libnx.a(fs.o)
                0x000000000000c390                fsFsClose
 *fill*         0x000000000000c3a4        0xc 
 .text.fsFileRead
                0x000000000000c3b0      0x104 d:/devkitPro/libnx/lib\libnx.a(fs.o)
                0x000000000000c3b0                fsFileRead
 *fill*         0x000000000000c4b4        0xc 
 .text.fsFileWrite
                0x000000000000c4c0       0xf4 d:/devkitPro/libnx/lib\libnx.a(fs.o)
                0x000000000000c4c0                fsFileWrite
 *fill*         0x000000000000c5b4        0xc 
 .text.fsFileFlush
                0x000000000000c5c0       0xc4 d:/devkitPro/libnx/lib\libnx.a(fs.o)
                0x000000000000c5c0                fsFileFlush
 *fill*         0x000000000000c684        0xc 
 .text.fsFileSetSize
                0x000000000000c690       0xc4 d:/devkitPro/libnx/lib\libnx.a(fs.o)
                0x000000000000c690                fsFileSetSize
 *fill*         0x000000000000c754        0xc 
 .text.fsFileGetSize
                0x000000000000c760       0xec d:/devkitPro/libnx/lib\libnx.a(fs.o)
                0x000000000000c760                fsFileGetSize
 *fill*         0x000000000000c84c        0x4 
 .text.fsFileClose
                0x000000000000c850       0x14 d:/devkitPro/libnx/lib\libnx.a(fs.o)
                0x000000000000c850                fsFileClose
 *fill*         0x000000000000c864        0xc 
 .text.fsDirClose
                0x000000000000c870       0x14 d:/devkitPro/libnx/lib\libnx.a(fs.o)
                0x000000000000c870                fsDirClose
 *fill*         0x000000000000c884        0xc 
 .text.fsDirRead
                0x000000000000c890      0x110 d:/devkitPro/libnx/lib\libnx.a(fs.o)
                0x000000000000c890                fsDirRead
 .text.bufferProducerInitialize
                0x000000000000c9a0       0x10 d:/devkitPro/libnx/lib\libnx.a(buffer_producer.o)
                0x000000000000c9a0                bufferProducerInitialize
 .text.bufferProducerExit
                0x000000000000c9b0        0xc d:/devkitPro/libnx/lib\libnx.a(buffer_producer.o)
                0x000000000000c9b0                bufferProducerExit
 *fill*         0x000000000000c9bc        0x4 
 .text.bufferProducerRequestBuffer
                0x000000000000c9c0      0x134 d:/devkitPro/libnx/lib\libnx.a(buffer_producer.o)
                0x000000000000c9c0                bufferProducerRequestBuffer
 *fill*         0x000000000000caf4        0xc 
 .text.bufferProducerDequeueBuffer
                0x000000000000cb00      0x1a0 d:/devkitPro/libnx/lib\libnx.a(buffer_producer.o)
                0x000000000000cb00                bufferProducerDequeueBuffer
 .text.bufferProducerDetachBuffer
                0x000000000000cca0       0x9c d:/devkitPro/libnx/lib\libnx.a(buffer_producer.o)
                0x000000000000cca0                bufferProducerDetachBuffer
 *fill*         0x000000000000cd3c        0x4 
 .text.bufferProducerQueueBuffer
                0x000000000000cd40      0x120 d:/devkitPro/libnx/lib\libnx.a(buffer_producer.o)
                0x000000000000cd40                bufferProducerQueueBuffer
 .text.bufferProducerQuery
                0x000000000000ce60       0xdc d:/devkitPro/libnx/lib\libnx.a(buffer_producer.o)
                0x000000000000ce60                bufferProducerQuery
 *fill*         0x000000000000cf3c        0x4 
 .text.bufferProducerConnect
                0x000000000000cf40      0x12c d:/devkitPro/libnx/lib\libnx.a(buffer_producer.o)
                0x000000000000cf40                bufferProducerConnect
 *fill*         0x000000000000d06c        0x4 
 .text.bufferProducerDisconnect
                0x000000000000d070       0x9c d:/devkitPro/libnx/lib\libnx.a(buffer_producer.o)
                0x000000000000d070                bufferProducerDisconnect
 *fill*         0x000000000000d10c        0x4 
 .text.bufferProducerGraphicBufferInit
                0x000000000000d110      0x110 d:/devkitPro/libnx/lib\libnx.a(buffer_producer.o)
                0x000000000000d110                bufferProducerGraphicBufferInit
 .text._binderTransactParcelAuto
                0x000000000000d220      0x1ac d:/devkitPro/libnx/lib\libnx.a(binder.o)
 *fill*         0x000000000000d3cc        0x4 
 .text._binderTransactParcel
                0x000000000000d3d0      0x13c d:/devkitPro/libnx/lib\libnx.a(binder.o)
 *fill*         0x000000000000d50c        0x4 
 .text.binderCreateSession
                0x000000000000d510       0x18 d:/devkitPro/libnx/lib\libnx.a(binder.o)
                0x000000000000d510                binderCreateSession
 *fill*         0x000000000000d528        0x8 
 .text.binderTransactParcel
                0x000000000000d530       0x14 d:/devkitPro/libnx/lib\libnx.a(binder.o)
                0x000000000000d530                binderTransactParcel
 *fill*         0x000000000000d544        0xc 
 .text.binderAdjustRefcount
                0x000000000000d550       0xe4 d:/devkitPro/libnx/lib\libnx.a(binder.o)
                0x000000000000d550                binderAdjustRefcount
 *fill*         0x000000000000d634        0xc 
 .text.binderExitSession
                0x000000000000d640       0x70 d:/devkitPro/libnx/lib\libnx.a(binder.o)
                0x000000000000d640                binderExitSession
 .text.binderGetNativeHandle
                0x000000000000d6b0      0x138 d:/devkitPro/libnx/lib\libnx.a(binder.o)
                0x000000000000d6b0                binderGetNativeHandle
 *fill*         0x000000000000d7e8        0x8 
 .text.binderInitSession
                0x000000000000d7f0      0x1c8 d:/devkitPro/libnx/lib\libnx.a(binder.o)
                0x000000000000d7f0                binderInitSession
 *fill*         0x000000000000d9b8        0x8 
 .text.parcelInitialize
                0x000000000000d9c0       0x28 d:/devkitPro/libnx/lib\libnx.a(parcel.o)
                0x000000000000d9c0                parcelInitialize
 *fill*         0x000000000000d9e8        0x8 
 .text.parcelTransact
                0x000000000000d9f0      0x1d0 d:/devkitPro/libnx/lib\libnx.a(parcel.o)
                0x000000000000d9f0                parcelTransact
 .text.parcelWriteData
                0x000000000000dbc0       0x88 d:/devkitPro/libnx/lib\libnx.a(parcel.o)
                0x000000000000dbc0                parcelWriteData
 *fill*         0x000000000000dc48        0x8 
 .text.parcelReadData
                0x000000000000dc50       0x8c d:/devkitPro/libnx/lib\libnx.a(parcel.o)
                0x000000000000dc50                parcelReadData
 *fill*         0x000000000000dcdc        0x4 
 .text.parcelWriteInt32
                0x000000000000dce0       0x24 d:/devkitPro/libnx/lib\libnx.a(parcel.o)
                0x000000000000dce0                parcelWriteInt32
 *fill*         0x000000000000dd04        0xc 
 .text.parcelWriteUInt32
                0x000000000000dd10       0x24 d:/devkitPro/libnx/lib\libnx.a(parcel.o)
                0x000000000000dd10                parcelWriteUInt32
 *fill*         0x000000000000dd34        0xc 
 .text.parcelWriteString16
                0x000000000000dd40       0x74 d:/devkitPro/libnx/lib\libnx.a(parcel.o)
                0x000000000000dd40                parcelWriteString16
 *fill*         0x000000000000ddb4        0xc 
 .text.parcelWriteInterfaceToken
                0x000000000000ddc0       0x30 d:/devkitPro/libnx/lib\libnx.a(parcel.o)
                0x000000000000ddc0                parcelWriteInterfaceToken
 .text.parcelReadInt32
                0x000000000000ddf0       0x24 d:/devkitPro/libnx/lib\libnx.a(parcel.o)
                0x000000000000ddf0                parcelReadInt32
 *fill*         0x000000000000de14        0xc 
 .text.parcelReadFlattenedObject
                0x000000000000de20       0x6c d:/devkitPro/libnx/lib\libnx.a(parcel.o)
                0x000000000000de20                parcelReadFlattenedObject
 *fill*         0x000000000000de8c        0x4 
 .text.parcelWriteFlattenedObject
                0x000000000000de90       0x4c d:/devkitPro/libnx/lib\libnx.a(parcel.o)
                0x000000000000de90                parcelWriteFlattenedObject
 *fill*         0x000000000000dedc        0x4 
 .text.decode_utf8
                0x000000000000dee0      0x130 d:/devkitPro/libnx/lib\libnx.a(decode_utf8.o)
                0x000000000000dee0                decode_utf8
 .text.__aarch64_read_tp
                0x000000000000e010        0xc d:/devkitPro/libnx/lib\libnx.a(readtp.o)
                0x000000000000e010                __aarch64_read_tp
 *fill*         0x000000000000e01c        0x4 
 .text.tmemCreate
                0x000000000000e020       0x7c d:/devkitPro/libnx/lib\libnx.a(tmem.o)
                0x000000000000e020                tmemCreate
 *fill*         0x000000000000e09c        0x4 
 .text.tmemUnmap
                0x000000000000e0a0       0x48 d:/devkitPro/libnx/lib\libnx.a(tmem.o)
                0x000000000000e0a0                tmemUnmap
 *fill*         0x000000000000e0e8        0x8 
 .text.tmemClose
                0x000000000000e0f0       0x64 d:/devkitPro/libnx/lib\libnx.a(tmem.o)
                0x000000000000e0f0                tmemClose
 *fill*         0x000000000000e154        0x4 
 .text.bsearch  0x000000000000e158       0xc8 d:/devkitpro/devkita64/bin/../lib/gcc/aarch64-none-elf/7.3.0/../../../../aarch64-none-elf/lib/pic\libg.a(lib_a-bsearch.o)
                0x000000000000e158                bsearch
 .text.__libc_fini_array
                0x000000000000e220       0x44 d:/devkitpro/devkita64/bin/../lib/gcc/aarch64-none-elf/7.3.0/../../../../aarch64-none-elf/lib/pic\libg.a(lib_a-fini.o)
                0x000000000000e220                __libc_fini_array
 *fill*         0x000000000000e264        0x4 
 .text.__libc_init_array
                0x000000000000e268       0x8c d:/devkitpro/devkita64/bin/../lib/gcc/aarch64-none-elf/7.3.0/../../../../aarch64-none-elf/lib/pic\libg.a(lib_a-init.o)
                0x000000000000e268                __libc_init_array
 *fill*         0x000000000000e2f4        0x4 
 .text.__locale_mb_cur_max
                0x000000000000e2f8       0x2c d:/devkitpro/devkita64/bin/../lib/gcc/aarch64-none-elf/7.3.0/../../../../aarch64-none-elf/lib/pic\libg.a(lib_a-locale.o)
                0x000000000000e2f8                __locale_mb_cur_max
 *fill*         0x000000000000e324        0x4 
 .text.__locale_ctype_ptr_l
                0x000000000000e328        0x8 d:/devkitpro/devkita64/bin/../lib/gcc/aarch64-none-elf/7.3.0/../../../../aarch64-none-elf/lib/pic\libg.a(lib_a-locale.o)
                0x000000000000e328                __locale_ctype_ptr_l
 .text.__locale_ctype_ptr
                0x000000000000e330       0x2c d:/devkitpro/devkita64/bin/../lib/gcc/aarch64-none-elf/7.3.0/../../../../aarch64-none-elf/lib/pic\libg.a(lib_a-locale.o)
                0x000000000000e330                __locale_ctype_ptr
 *fill*         0x000000000000e35c        0x4 
 .text.memalign
                0x000000000000e360       0x2c d:/devkitpro/devkita64/bin/../lib/gcc/aarch64-none-elf/7.3.0/../../../../aarch64-none-elf/lib/pic\libg.a(lib_a-malign.o)
                0x000000000000e360                memalign
 *fill*         0x000000000000e38c        0x4 
 .text._memalign_r
                0x000000000000e390      0x1ac d:/devkitpro/devkita64/bin/../lib/gcc/aarch64-none-elf/7.3.0/../../../../aarch64-none-elf/lib/pic\libg.a(lib_a-malignr.o)
                0x000000000000e390                _memalign_r
 *fill*         0x000000000000e53c        0x4 
 .text.malloc   0x000000000000e540       0x24 d:/devkitpro/devkita64/bin/../lib/gcc/aarch64-none-elf/7.3.0/../../../../aarch64-none-elf/lib/pic\libg.a(lib_a-malloc.o)
                0x000000000000e540                malloc
 *fill*         0x000000000000e564        0x4 
 .text.free     0x000000000000e568       0x24 d:/devkitpro/devkita64/bin/../lib/gcc/aarch64-none-elf/7.3.0/../../../../aarch64-none-elf/lib/pic\libg.a(lib_a-malloc.o)
                0x000000000000e568                free
 *fill*         0x000000000000e58c        0x4 
 .text._malloc_r
                0x000000000000e590      0x8b4 d:/devkitpro/devkita64/bin/../lib/gcc/aarch64-none-elf/7.3.0/../../../../aarch64-none-elf/lib/pic\libg.a(lib_a-mallocr.o)
                0x000000000000e590                _malloc_r
 *fill*         0x000000000000ee44        0x4 
 .text.__utf8_mbtowc
                0x000000000000ee48      0x2d8 d:/devkitpro/devkita64/bin/../lib/gcc/aarch64-none-elf/7.3.0/../../../../aarch64-none-elf/lib/pic\libg.a(lib_a-mbtowc_r.o)
                0x000000000000ee48                __utf8_mbtowc
 .text          0x000000000000f120       0xd8 d:/devkitpro/devkita64/bin/../lib/gcc/aarch64-none-elf/7.3.0/../../../../aarch64-none-elf/lib/pic\libg.a(lib_a-memchr.o)
                0x000000000000f120                memchr
 *fill*         0x000000000000f1f8        0x8 
 .text          0x000000000000f200      0x16c d:/devkitpro/devkita64/bin/../lib/gcc/aarch64-none-elf/7.3.0/../../../../aarch64-none-elf/lib/pic\libg.a(lib_a-memcpy.o)
                0x000000000000f200                memcpy
 *fill*         0x000000000000f36c       0x14 
 .text          0x000000000000f380      0x1d8 d:/devkitpro/devkita64/bin/../lib/gcc/aarch64-none-elf/7.3.0/../../../../aarch64-none-elf/lib/pic\libg.a(lib_a-memset.o)
                0x000000000000f380                memset
 .text.__malloc_lock
                0x000000000000f558        0xc d:/devkitpro/devkita64/bin/../lib/gcc/aarch64-none-elf/7.3.0/../../../../aarch64-none-elf/lib/pic\libg.a(lib_a-mlock.o)
                0x000000000000f558                __malloc_lock
 *fill*         0x000000000000f564        0x4 
 .text.__malloc_unlock
                0x000000000000f568        0xc d:/devkitpro/devkita64/bin/../lib/gcc/aarch64-none-elf/7.3.0/../../../../aarch64-none-elf/lib/pic\libg.a(lib_a-mlock.o)
                0x000000000000f568                __malloc_unlock
 *fill*         0x000000000000f574        0x4 
 .text.srand    0x000000000000f578       0x24 d:/devkitpro/devkita64/bin/../lib/gcc/aarch64-none-elf/7.3.0/../../../../aarch64-none-elf/lib/pic\libg.a(lib_a-rand.o)
                0x000000000000f578                srand
 *fill*         0x000000000000f59c        0x4 
 .text.rand     0x000000000000f5a0       0x38 d:/devkitpro/devkita64/bin/../lib/gcc/aarch64-none-elf/7.3.0/../../../../aarch64-none-elf/lib/pic\libg.a(lib_a-rand.o)
                0x000000000000f5a0                rand
 .text.setvbuf  0x000000000000f5d8      0x270 d:/devkitpro/devkita64/bin/../lib/gcc/aarch64-none-elf/7.3.0/../../../../aarch64-none-elf/lib/pic\libg.a(lib_a-setvbuf.o)
                0x000000000000f5d8                setvbuf
 .text.sscanf   0x000000000000f848       0xc8 d:/devkitpro/devkita64/bin/../lib/gcc/aarch64-none-elf/7.3.0/../../../../aarch64-none-elf/lib/pic\libg.a(lib_a-sscanf.o)
                0x000000000000f848                sscanf
 .text.__sread  0x000000000000f910       0x50 d:/devkitpro/devkita64/bin/../lib/gcc/aarch64-none-elf/7.3.0/../../../../aarch64-none-elf/lib/pic\libg.a(lib_a-stdio.o)
                0x000000000000f910                __sread
 .text.__seofread
                0x000000000000f960        0x8 d:/devkitpro/devkita64/bin/../lib/gcc/aarch64-none-elf/7.3.0/../../../../aarch64-none-elf/lib/pic\libg.a(lib_a-stdio.o)
                0x000000000000f960                __seofread
 .text.__swrite
                0x000000000000f968       0x68 d:/devkitpro/devkita64/bin/../lib/gcc/aarch64-none-elf/7.3.0/../../../../aarch64-none-elf/lib/pic\libg.a(lib_a-stdio.o)
                0x000000000000f968                __swrite
 .text.__sseek  0x000000000000f9d0       0x54 d:/devkitpro/devkita64/bin/../lib/gcc/aarch64-none-elf/7.3.0/../../../../aarch64-none-elf/lib/pic\libg.a(lib_a-stdio.o)
                0x000000000000f9d0                __sseek
 *fill*         0x000000000000fa24        0x4 
 .text.__sclose
                0x000000000000fa28        0x8 d:/devkitpro/devkita64/bin/../lib/gcc/aarch64-none-elf/7.3.0/../../../../aarch64-none-elf/lib/pic\libg.a(lib_a-stdio.o)
                0x000000000000fa28                __sclose
 .text          0x000000000000fa30       0xdc d:/devkitpro/devkita64/bin/../lib/gcc/aarch64-none-elf/7.3.0/../../../../aarch64-none-elf/lib/pic\libg.a(lib_a-strchr.o)
                0x000000000000fa30                strchr
 *fill*         0x000000000000fb0c       0x34 
 .text          0x000000000000fb40       0xa4 d:/devkitpro/devkita64/bin/../lib/gcc/aarch64-none-elf/7.3.0/../../../../aarch64-none-elf/lib/pic\libg.a(lib_a-strcmp.o)
                0x000000000000fb40                strcmp
 *fill*         0x000000000000fbe4       0x1c 
 .text          0x000000000000fc00      0x140 d:/devkitpro/devkita64/bin/../lib/gcc/aarch64-none-elf/7.3.0/../../../../aarch64-none-elf/lib/pic\libg.a(lib_a-strlen.o)
                0x000000000000fc00                strlen
 .text.strncat  0x000000000000fd40       0x88 d:/devkitpro/devkita64/bin/../lib/gcc/aarch64-none-elf/7.3.0/../../../../aarch64-none-elf/lib/pic\libg.a(lib_a-strncat.o)
                0x000000000000fd40                strncat
 *fill*         0x000000000000fdc8       0x38 
 .text          0x000000000000fe00      0x124 d:/devkitpro/devkita64/bin/../lib/gcc/aarch64-none-elf/7.3.0/../../../../aarch64-none-elf/lib/pic\libg.a(lib_a-strncmp.o)
                0x000000000000fe1c                strncmp
 *fill*         0x000000000000ff24        0x4 
 .text.strncpy  0x000000000000ff28       0xb4 d:/devkitpro/devkita64/bin/../lib/gcc/aarch64-none-elf/7.3.0/../../../../aarch64-none-elf/lib/pic\libg.a(lib_a-strncpy.o)
                0x000000000000ff28                strncpy
 *fill*         0x000000000000ffdc       0x24 
 .text          0x0000000000010000       0xe0 d:/devkitpro/devkita64/bin/../lib/gcc/aarch64-none-elf/7.3.0/../../../../aarch64-none-elf/lib/pic\libg.a(lib_a-strnlen.o)
                0x0000000000010024                strnlen
 .text._strtol_l.isra.0
                0x00000000000100e0      0x1d8 d:/devkitpro/devkita64/bin/../lib/gcc/aarch64-none-elf/7.3.0/../../../../aarch64-none-elf/lib/pic\libg.a(lib_a-strtol.o)
 .text._strtol_r
                0x00000000000102b8       0x58 d:/devkitpro/devkita64/bin/../lib/gcc/aarch64-none-elf/7.3.0/../../../../aarch64-none-elf/lib/pic\libg.a(lib_a-strtol.o)
                0x00000000000102b8                _strtol_r
 .text.get_arg  0x0000000000010310       0x5c d:/devkitpro/devkita64/bin/../lib/gcc/aarch64-none-elf/7.3.0/../../../../aarch64-none-elf/lib/pic\libg.a(lib_a-svfscanf.o)
 .text.__ssvfscanf_r
                0x000000000001036c     0x2f30 d:/devkitpro/devkita64/bin/../lib/gcc/aarch64-none-elf/7.3.0/../../../../aarch64-none-elf/lib/pic\libg.a(lib_a-svfscanf.o)
                0x000000000001036c                __ssvfscanf_r
 *fill*         0x000000000001329c        0x4 
 .text.time     0x00000000000132a0       0x40 d:/devkitpro/devkita64/bin/../lib/gcc/aarch64-none-elf/7.3.0/../../../../aarch64-none-elf/lib/pic\libg.a(lib_a-time.o)
                0x00000000000132a0                time
 .text._wcrtomb_r
                0x00000000000132e0       0xdc d:/devkitpro/devkita64/bin/../lib/gcc/aarch64-none-elf/7.3.0/../../../../aarch64-none-elf/lib/pic\libg.a(lib_a-wcrtomb.o)
                0x00000000000132e0                _wcrtomb_r
 *fill*         0x00000000000133bc        0x4 
 .text._wcsrtombs_r
                0x00000000000133c0       0x10 d:/devkitpro/devkita64/bin/../lib/gcc/aarch64-none-elf/7.3.0/../../../../aarch64-none-elf/lib/pic\libg.a(lib_a-wcsrtombs.o)
                0x00000000000133c0                _wcsrtombs_r
 .text.__utf8_wctomb
                0x00000000000133d0       0xe8 d:/devkitpro/devkita64/bin/../lib/gcc/aarch64-none-elf/7.3.0/../../../../aarch64-none-elf/lib/pic\libg.a(lib_a-wctomb_r.o)
                0x00000000000133d0                __utf8_wctomb
 .text.__sflush_r
                0x00000000000134b8      0x278 d:/devkitpro/devkita64/bin/../lib/gcc/aarch64-none-elf/7.3.0/../../../../aarch64-none-elf/lib/pic\libg.a(lib_a-fflush.o)
                0x00000000000134b8                __sflush_r
 .text._fflush_r
                0x0000000000013730       0xa4 d:/devkitpro/devkita64/bin/../lib/gcc/aarch64-none-elf/7.3.0/../../../../aarch64-none-elf/lib/pic\libg.a(lib_a-fflush.o)
                0x0000000000013730                _fflush_r
 *fill*         0x00000000000137d4        0x4 
 .text.std      0x00000000000137d8       0x78 d:/devkitpro/devkita64/bin/../lib/gcc/aarch64-none-elf/7.3.0/../../../../aarch64-none-elf/lib/pic\libg.a(lib_a-findfp.o)
 .text._cleanup_r
                0x0000000000013850        0xc d:/devkitpro/devkita64/bin/../lib/gcc/aarch64-none-elf/7.3.0/../../../../aarch64-none-elf/lib/pic\libg.a(lib_a-findfp.o)
                0x0000000000013850                _cleanup_r
 *fill*         0x000000000001385c        0x4 
 .text.__sfp_lock_acquire
                0x0000000000013860        0xc d:/devkitpro/devkita64/bin/../lib/gcc/aarch64-none-elf/7.3.0/../../../../aarch64-none-elf/lib/pic\libg.a(lib_a-findfp.o)
                0x0000000000013860                __sfp_lock_acquire
 *fill*         0x000000000001386c        0x4 
 .text.__sfp_lock_release
                0x0000000000013870        0xc d:/devkitpro/devkita64/bin/../lib/gcc/aarch64-none-elf/7.3.0/../../../../aarch64-none-elf/lib/pic\libg.a(lib_a-findfp.o)
                0x0000000000013870                __sfp_lock_release
 *fill*         0x000000000001387c        0x4 
 .text.__sinit_lock_acquire
                0x0000000000013880        0xc d:/devkitpro/devkita64/bin/../lib/gcc/aarch64-none-elf/7.3.0/../../../../aarch64-none-elf/lib/pic\libg.a(lib_a-findfp.o)
                0x0000000000013880                __sinit_lock_acquire
 *fill*         0x000000000001388c        0x4 
 .text.__sinit_lock_release
                0x0000000000013890        0xc d:/devkitpro/devkita64/bin/../lib/gcc/aarch64-none-elf/7.3.0/../../../../aarch64-none-elf/lib/pic\libg.a(lib_a-findfp.o)
                0x0000000000013890                __sinit_lock_release
 *fill*         0x000000000001389c        0x4 
 .text.__sinit  0x00000000000138a0       0x80 d:/devkitpro/devkita64/bin/../lib/gcc/aarch64-none-elf/7.3.0/../../../../aarch64-none-elf/lib/pic\libg.a(lib_a-findfp.o)
                0x00000000000138a0                __sinit
 .text._malloc_trim_r
                0x0000000000013920      0x11c d:/devkitpro/devkita64/bin/../lib/gcc/aarch64-none-elf/7.3.0/../../../../aarch64-none-elf/lib/pic\libg.a(lib_a-freer.o)
                0x0000000000013920                _malloc_trim_r
 *fill*         0x0000000000013a3c        0x4 
 .text._free_r  0x0000000000013a40      0x314 d:/devkitpro/devkita64/bin/../lib/gcc/aarch64-none-elf/7.3.0/../../../../aarch64-none-elf/lib/pic\libg.a(lib_a-freer.o)
                0x0000000000013a40                _free_r
 *fill*         0x0000000000013d54        0x4 
 .text._fwalk_reent
                0x0000000000013d58       0xcc d:/devkitpro/devkita64/bin/../lib/gcc/aarch64-none-elf/7.3.0/../../../../aarch64-none-elf/lib/pic\libg.a(lib_a-fwalk.o)
                0x0000000000013d58                _fwalk_reent
 *fill*         0x0000000000013e24        0x4 
 .text.iswspace
                0x0000000000013e28       0x80 d:/devkitpro/devkita64/bin/../lib/gcc/aarch64-none-elf/7.3.0/../../../../aarch64-none-elf/lib/pic\libg.a(lib_a-iswspace.o)
                0x0000000000013e28                iswspace
 .text.__jp2uc  0x0000000000013ea8      0x24c d:/devkitpro/devkita64/bin/../lib/gcc/aarch64-none-elf/7.3.0/../../../../aarch64-none-elf/lib/pic\libg.a(lib_a-jp2uc.o)
 *fill*         0x00000000000140f4        0x4 
 .text._jp2uc   0x00000000000140f8       0xd0 d:/devkitpro/devkita64/bin/../lib/gcc/aarch64-none-elf/7.3.0/../../../../aarch64-none-elf/lib/pic\libg.a(lib_a-jp2uc.o)
                0x00000000000140f8                _jp2uc
 .text.__localeconv_l
                0x00000000000141c8        0x8 d:/devkitpro/devkita64/bin/../lib/gcc/aarch64-none-elf/7.3.0/../../../../aarch64-none-elf/lib/pic\libg.a(lib_a-localeconv.o)
                0x00000000000141c8                __localeconv_l
 .text._localeconv_r
                0x00000000000141d0       0x28 d:/devkitpro/devkita64/bin/../lib/gcc/aarch64-none-elf/7.3.0/../../../../aarch64-none-elf/lib/pic\libg.a(lib_a-localeconv.o)
                0x00000000000141d0                _localeconv_r
 .text.__swhatbuf_r
                0x00000000000141f8       0xac d:/devkitpro/devkita64/bin/../lib/gcc/aarch64-none-elf/7.3.0/../../../../aarch64-none-elf/lib/pic\libg.a(lib_a-makebuf.o)
                0x00000000000141f8                __swhatbuf_r
 *fill*         0x00000000000142a4        0x4 
 .text._mbrtowc_r
                0x00000000000142a8       0xf4 d:/devkitpro/devkita64/bin/../lib/gcc/aarch64-none-elf/7.3.0/../../../../aarch64-none-elf/lib/pic\libg.a(lib_a-mbrtowc.o)
                0x00000000000142a8                _mbrtowc_r
 *fill*         0x000000000001439c       0x24 
 .text          0x00000000000143c0       0xac d:/devkitpro/devkita64/bin/../lib/gcc/aarch64-none-elf/7.3.0/../../../../aarch64-none-elf/lib/pic\libg.a(lib_a-memmove.o)
                0x00000000000143c0                memmove
 *fill*         0x000000000001446c        0x4 
 .text.realloc  0x0000000000014470       0x2c d:/devkitpro/devkita64/bin/../lib/gcc/aarch64-none-elf/7.3.0/../../../../aarch64-none-elf/lib/pic\libg.a(lib_a-realloc.o)
                0x0000000000014470                realloc
 *fill*         0x000000000001449c        0x4 
 .text._realloc_r
                0x00000000000144a0      0x55c d:/devkitpro/devkita64/bin/../lib/gcc/aarch64-none-elf/7.3.0/../../../../aarch64-none-elf/lib/pic\libg.a(lib_a-reallocr.o)
                0x00000000000144a0                _realloc_r
 *fill*         0x00000000000149fc        0x4 
 .text.__sccl   0x0000000000014a00       0xb4 d:/devkitpro/devkita64/bin/../lib/gcc/aarch64-none-elf/7.3.0/../../../../aarch64-none-elf/lib/pic\libg.a(lib_a-sccl.o)
                0x0000000000014a00                __sccl
 *fill*         0x0000000000014ab4        0x4 
 .text.nanf     0x0000000000014ab8        0xc d:/devkitpro/devkita64/bin/../lib/gcc/aarch64-none-elf/7.3.0/../../../../aarch64-none-elf/lib/pic\libg.a(lib_a-sf_nan.o)
                0x0000000000014ab8                nanf
 *fill*         0x0000000000014ac4        0x4 
 .text.sprintf  0x0000000000014ac8       0xb0 d:/devkitpro/devkita64/bin/../lib/gcc/aarch64-none-elf/7.3.0/../../../../aarch64-none-elf/lib/pic\libg.a(lib_a-sprintf.o)
                0x0000000000014ac8                sprintf
 .text.stpncpy  0x0000000000014b78       0xc8 d:/devkitpro/devkita64/bin/../lib/gcc/aarch64-none-elf/7.3.0/../../../../aarch64-none-elf/lib/pic\libg.a(lib_a-stpncpy.o)
                0x0000000000014b78                stpncpy
 .text._strtod_l
                0x0000000000014c40     0x1110 d:/devkitpro/devkita64/bin/../lib/gcc/aarch64-none-elf/7.3.0/../../../../aarch64-none-elf/lib/pic\libg.a(lib_a-strtod.o)
                0x0000000000014c40                _strtod_l
 .text._strtod_r
                0x0000000000015d50       0x50 d:/devkitpro/devkita64/bin/../lib/gcc/aarch64-none-elf/7.3.0/../../../../aarch64-none-elf/lib/pic\libg.a(lib_a-strtod.o)
                0x0000000000015d50                _strtod_r
 .text._strtoll_l.isra.0
                0x0000000000015da0      0x1d8 d:/devkitpro/devkita64/bin/../lib/gcc/aarch64-none-elf/7.3.0/../../../../aarch64-none-elf/lib/pic\libg.a(lib_a-strtoll.o)
 .text._strtoll_r
                0x0000000000015f78       0x58 d:/devkitpro/devkita64/bin/../lib/gcc/aarch64-none-elf/7.3.0/../../../../aarch64-none-elf/lib/pic\libg.a(lib_a-strtoll.o)
                0x0000000000015f78                _strtoll_r
 .text._strtoull_l.isra.0
                0x0000000000015fd0      0x1e0 d:/devkitpro/devkita64/bin/../lib/gcc/aarch64-none-elf/7.3.0/../../../../aarch64-none-elf/lib/pic\libg.a(lib_a-strtoull.o)
 .text._strtoull_r
                0x00000000000161b0       0x58 d:/devkitpro/devkita64/bin/../lib/gcc/aarch64-none-elf/7.3.0/../../../../aarch64-none-elf/lib/pic\libg.a(lib_a-strtoull.o)
                0x00000000000161b0                _strtoull_r
 .text._strtoul_l.isra.0
                0x0000000000016208      0x1e0 d:/devkitpro/devkita64/bin/../lib/gcc/aarch64-none-elf/7.3.0/../../../../aarch64-none-elf/lib/pic\libg.a(lib_a-strtoul.o)
 .text._strtoul_r
                0x00000000000163e8       0x58 d:/devkitpro/devkita64/bin/../lib/gcc/aarch64-none-elf/7.3.0/../../../../aarch64-none-elf/lib/pic\libg.a(lib_a-strtoul.o)
                0x00000000000163e8                _strtoul_r
 .text.__ssprint_r
                0x0000000000016440      0x1c0 d:/devkitpro/devkita64/bin/../lib/gcc/aarch64-none-elf/7.3.0/../../../../aarch64-none-elf/lib/pic\libg.a(lib_a-svfiprintf.o)
                0x0000000000016440                __ssprint_r
 .text._sungetc_r
                0x0000000000016600       0xf4 d:/devkitpro/devkita64/bin/../lib/gcc/aarch64-none-elf/7.3.0/../../../../aarch64-none-elf/lib/pic\libg.a(lib_a-svfiscanf.o)
                0x0000000000016600                _sungetc_r
 .text.__ssrefill_r
                0x00000000000166f4       0x70 d:/devkitpro/devkita64/bin/../lib/gcc/aarch64-none-elf/7.3.0/../../../../aarch64-none-elf/lib/pic\libg.a(lib_a-svfiscanf.o)
                0x00000000000166f4                __ssrefill_r
 .text._sfread_r
                0x0000000000016764       0xcc d:/devkitpro/devkita64/bin/../lib/gcc/aarch64-none-elf/7.3.0/../../../../aarch64-none-elf/lib/pic\libg.a(lib_a-svfiscanf.o)
                0x0000000000016764                _sfread_r
 .text.get_arg  0x0000000000016830      0x778 d:/devkitpro/devkita64/bin/../lib/gcc/aarch64-none-elf/7.3.0/../../../../aarch64-none-elf/lib/pic\libg.a(lib_a-svfprintf.o)
 .text._svfprintf_r
                0x0000000000016fa8     0x3afc d:/devkitpro/devkita64/bin/../lib/gcc/aarch64-none-elf/7.3.0/../../../../aarch64-none-elf/lib/pic\libg.a(lib_a-svfprintf.o)
                0x0000000000016fa8                _svfprintf_r
 *fill*         0x000000000001aaa4        0x4 
 .text.__submore
                0x000000000001aaa8       0xd8 d:/devkitpro/devkita64/bin/../lib/gcc/aarch64-none-elf/7.3.0/../../../../aarch64-none-elf/lib/pic\libg.a(lib_a-ungetc.o)
                0x000000000001aaa8                __submore
 .text._wcsnrtombs_l
                0x000000000001ab80      0x1d4 d:/devkitpro/devkita64/bin/../lib/gcc/aarch64-none-elf/7.3.0/../../../../aarch64-none-elf/lib/pic\libg.a(lib_a-wcsnrtombs.o)
                0x000000000001ab80                _wcsnrtombs_l
 *fill*         0x000000000001ad54        0x4 
 .text._wcsnrtombs_r
                0x000000000001ad58       0x74 d:/devkitpro/devkita64/bin/../lib/gcc/aarch64-none-elf/7.3.0/../../../../aarch64-none-elf/lib/pic\libg.a(lib_a-wcsnrtombs.o)
                0x000000000001ad58                _wcsnrtombs_r
 *fill*         0x000000000001adcc        0x4 
 .text.quorem   0x000000000001add0      0x1b0 d:/devkitpro/devkita64/bin/../lib/gcc/aarch64-none-elf/7.3.0/../../../../aarch64-none-elf/lib/pic\libg.a(lib_a-dtoa.o)
 .text._dtoa_r  0x000000000001af80     0x11c4 d:/devkitpro/devkita64/bin/../lib/gcc/aarch64-none-elf/7.3.0/../../../../aarch64-none-elf/lib/pic\libg.a(lib_a-dtoa.o)
                0x000000000001af80                _dtoa_r
 *fill*         0x000000000001c144        0x4 
 .text._fclose_r
                0x000000000001c148      0x18c d:/devkitpro/devkita64/bin/../lib/gcc/aarch64-none-elf/7.3.0/../../../../aarch64-none-elf/lib/pic\libg.a(lib_a-fclose.o)
                0x000000000001c148                _fclose_r
 *fill*         0x000000000001c2d4        0x4 
 .text.rshift   0x000000000001c2d8       0xf0 d:/devkitpro/devkita64/bin/../lib/gcc/aarch64-none-elf/7.3.0/../../../../aarch64-none-elf/lib/pic\libg.a(lib_a-gdtoa-gethex.o)
 .text.__gethex
                0x000000000001c3c8      0x7c0 d:/devkitpro/devkita64/bin/../lib/gcc/aarch64-none-elf/7.3.0/../../../../aarch64-none-elf/lib/pic\libg.a(lib_a-gdtoa-gethex.o)
                0x000000000001c3c8                __gethex
 .text.__match  0x000000000001cb88       0x48 d:/devkitpro/devkita64/bin/../lib/gcc/aarch64-none-elf/7.3.0/../../../../aarch64-none-elf/lib/pic\libg.a(lib_a-gdtoa-hexnan.o)
                0x000000000001cb88                __match
 .text.__hexnan
                0x000000000001cbd0      0x228 d:/devkitpro/devkita64/bin/../lib/gcc/aarch64-none-elf/7.3.0/../../../../aarch64-none-elf/lib/pic\libg.a(lib_a-gdtoa-hexnan.o)
                0x000000000001cbd0                __hexnan
 .text._Balloc  0x000000000001cdf8       0xa4 d:/devkitpro/devkita64/bin/../lib/gcc/aarch64-none-elf/7.3.0/../../../../aarch64-none-elf/lib/pic\libg.a(lib_a-mprec.o)
                0x000000000001cdf8                _Balloc
 *fill*         0x000000000001ce9c        0x4 
 .text._Bfree   0x000000000001cea0       0x1c d:/devkitpro/devkita64/bin/../lib/gcc/aarch64-none-elf/7.3.0/../../../../aarch64-none-elf/lib/pic\libg.a(lib_a-mprec.o)
                0x000000000001cea0                _Bfree
 *fill*         0x000000000001cebc        0x4 
 .text.__multadd
                0x000000000001cec0       0xe0 d:/devkitpro/devkita64/bin/../lib/gcc/aarch64-none-elf/7.3.0/../../../../aarch64-none-elf/lib/pic\libg.a(lib_a-mprec.o)
                0x000000000001cec0                __multadd
 .text.__s2b    0x000000000001cfa0      0x120 d:/devkitpro/devkita64/bin/../lib/gcc/aarch64-none-elf/7.3.0/../../../../aarch64-none-elf/lib/pic\libg.a(lib_a-mprec.o)
                0x000000000001cfa0                __s2b
 .text.__hi0bits
                0x000000000001d0c0       0x5c d:/devkitpro/devkita64/bin/../lib/gcc/aarch64-none-elf/7.3.0/../../../../aarch64-none-elf/lib/pic\libg.a(lib_a-mprec.o)
                0x000000000001d0c0                __hi0bits
 *fill*         0x000000000001d11c        0x4 
 .text.__lo0bits
                0x000000000001d120       0xa8 d:/devkitpro/devkita64/bin/../lib/gcc/aarch64-none-elf/7.3.0/../../../../aarch64-none-elf/lib/pic\libg.a(lib_a-mprec.o)
                0x000000000001d120                __lo0bits
 .text.__i2b    0x000000000001d1c8       0x2c d:/devkitpro/devkita64/bin/../lib/gcc/aarch64-none-elf/7.3.0/../../../../aarch64-none-elf/lib/pic\libg.a(lib_a-mprec.o)
                0x000000000001d1c8                __i2b
 *fill*         0x000000000001d1f4        0x4 
 .text.__multiply
                0x000000000001d1f8      0x1d8 d:/devkitpro/devkita64/bin/../lib/gcc/aarch64-none-elf/7.3.0/../../../../aarch64-none-elf/lib/pic\libg.a(lib_a-mprec.o)
                0x000000000001d1f8                __multiply
 .text.__pow5mult
                0x000000000001d3d0      0x108 d:/devkitpro/devkita64/bin/../lib/gcc/aarch64-none-elf/7.3.0/../../../../aarch64-none-elf/lib/pic\libg.a(lib_a-mprec.o)
                0x000000000001d3d0                __pow5mult
 .text.__lshift
                0x000000000001d4d8      0x144 d:/devkitpro/devkita64/bin/../lib/gcc/aarch64-none-elf/7.3.0/../../../../aarch64-none-elf/lib/pic\libg.a(lib_a-mprec.o)
                0x000000000001d4d8                __lshift
 *fill*         0x000000000001d61c        0x4 
 .text.__mcmp   0x000000000001d620       0x54 d:/devkitpro/devkita64/bin/../lib/gcc/aarch64-none-elf/7.3.0/../../../../aarch64-none-elf/lib/pic\libg.a(lib_a-mprec.o)
                0x000000000001d620                __mcmp
 *fill*         0x000000000001d674        0x4 
 .text.__mdiff  0x000000000001d678      0x164 d:/devkitpro/devkita64/bin/../lib/gcc/aarch64-none-elf/7.3.0/../../../../aarch64-none-elf/lib/pic\libg.a(lib_a-mprec.o)
                0x000000000001d678                __mdiff
 *fill*         0x000000000001d7dc        0x4 
 .text.__ulp    0x000000000001d7e0       0x74 d:/devkitpro/devkita64/bin/../lib/gcc/aarch64-none-elf/7.3.0/../../../../aarch64-none-elf/lib/pic\libg.a(lib_a-mprec.o)
                0x000000000001d7e0                __ulp
 *fill*         0x000000000001d854        0x4 
 .text.__b2d    0x000000000001d858      0x154 d:/devkitpro/devkita64/bin/../lib/gcc/aarch64-none-elf/7.3.0/../../../../aarch64-none-elf/lib/pic\libg.a(lib_a-mprec.o)
                0x000000000001d858                __b2d
 *fill*         0x000000000001d9ac        0x4 
 .text.__d2b    0x000000000001d9b0      0x12c d:/devkitpro/devkita64/bin/../lib/gcc/aarch64-none-elf/7.3.0/../../../../aarch64-none-elf/lib/pic\libg.a(lib_a-mprec.o)
                0x000000000001d9b0                __d2b
 *fill*         0x000000000001dadc        0x4 
 .text.__ratio  0x000000000001dae0       0xa0 d:/devkitpro/devkita64/bin/../lib/gcc/aarch64-none-elf/7.3.0/../../../../aarch64-none-elf/lib/pic\libg.a(lib_a-mprec.o)
                0x000000000001dae0                __ratio
 .text.__copybits
                0x000000000001db80       0x68 d:/devkitpro/devkita64/bin/../lib/gcc/aarch64-none-elf/7.3.0/../../../../aarch64-none-elf/lib/pic\libg.a(lib_a-mprec.o)
                0x000000000001db80                __copybits
 .text.__any_on
                0x000000000001dbe8       0x88 d:/devkitpro/devkita64/bin/../lib/gcc/aarch64-none-elf/7.3.0/../../../../aarch64-none-elf/lib/pic\libg.a(lib_a-mprec.o)
                0x000000000001dbe8                __any_on
 .text.frexp    0x000000000001dc70       0x94 d:/devkitpro/devkita64/bin/../lib/gcc/aarch64-none-elf/7.3.0/../../../../aarch64-none-elf/lib/pic\libg.a(lib_a-s_frexp.o)
                0x000000000001dc70                frexp
 *fill*         0x000000000001dd04        0x4 
 .text._calloc_r
                0x000000000001dd08       0x90 d:/devkitpro/devkita64/bin/../lib/gcc/aarch64-none-elf/7.3.0/../../../../aarch64-none-elf/lib/pic\libg.a(lib_a-callocr.o)
                0x000000000001dd08                _calloc_r
 .text.null_write
                0x000000000001dd98        0x8 d:/devkitpro/devkita64/bin/../lib/gcc/aarch64-none-elf/7.3.0/../../../../aarch64-none-elf/lib/pic\libsysbase.a(iosupport.o)
 .text.setDefaultDevice
                0x000000000001dda0       0x18 d:/devkitpro/devkita64/bin/../lib/gcc/aarch64-none-elf/7.3.0/../../../../aarch64-none-elf/lib/pic\libsysbase.a(iosupport.o)
                0x000000000001dda0                setDefaultDevice
 .text.FindDevice
                0x000000000001ddb8      0x114 d:/devkitpro/devkita64/bin/../lib/gcc/aarch64-none-elf/7.3.0/../../../../aarch64-none-elf/lib/pic\libsysbase.a(iosupport.o)
                0x000000000001ddb8                FindDevice
 *fill*         0x000000000001decc        0x4 
 .text.RemoveDevice
                0x000000000001ded0       0x34 d:/devkitpro/devkita64/bin/../lib/gcc/aarch64-none-elf/7.3.0/../../../../aarch64-none-elf/lib/pic\libsysbase.a(iosupport.o)
                0x000000000001ded0                RemoveDevice
 *fill*         0x000000000001df04        0x4 
 .text.AddDevice
                0x000000000001df08       0xd8 d:/devkitpro/devkita64/bin/../lib/gcc/aarch64-none-elf/7.3.0/../../../../aarch64-none-elf/lib/pic\libsysbase.a(iosupport.o)
                0x000000000001df08                AddDevice
 .text._close_r
                0x000000000001dfe0       0xb8 d:/devkitpro/devkita64/bin/../lib/gcc/aarch64-none-elf/7.3.0/../../../../aarch64-none-elf/lib/pic\libsysbase.a(close.o)
                0x000000000001dfe0                _close_r
 .text._fstat_r
                0x000000000001e098       0x80 d:/devkitpro/devkita64/bin/../lib/gcc/aarch64-none-elf/7.3.0/../../../../aarch64-none-elf/lib/pic\libsysbase.a(fstat.o)
                0x000000000001e098                _fstat_r
 .text._gettimeofday_r
                0x000000000001e118       0x28 d:/devkitpro/devkita64/bin/../lib/gcc/aarch64-none-elf/7.3.0/../../../../aarch64-none-elf/lib/pic\libsysbase.a(gettod.o)
                0x000000000001e118                _gettimeofday_r
 .text._lseek_r
                0x000000000001e140       0x94 d:/devkitpro/devkita64/bin/../lib/gcc/aarch64-none-elf/7.3.0/../../../../aarch64-none-elf/lib/pic\libsysbase.a(lseek.o)
                0x000000000001e140                _lseek_r
 *fill*         0x000000000001e1d4        0x4 
 .text._read_r  0x000000000001e1d8       0x98 d:/devkitpro/devkita64/bin/../lib/gcc/aarch64-none-elf/7.3.0/../../../../aarch64-none-elf/lib/pic\libsysbase.a(read.o)
                0x000000000001e1d8                _read_r
 .text._sbrk_r  0x000000000001e270       0x7c d:/devkitpro/devkita64/bin/../lib/gcc/aarch64-none-elf/7.3.0/../../../../aarch64-none-elf/lib/pic\libsysbase.a(sbrk.o)
                0x000000000001e270                _sbrk_r
 *fill*         0x000000000001e2ec        0x4 
 .text._write_r
                0x000000000001e2f0       0x98 d:/devkitpro/devkita64/bin/../lib/gcc/aarch64-none-elf/7.3.0/../../../../aarch64-none-elf/lib/pic\libsysbase.a(write.o)
                0x000000000001e2f0                _write_r
 .text._concatenate_path
                0x000000000001e388      0x24c d:/devkitpro/devkita64/bin/../lib/gcc/aarch64-none-elf/7.3.0/../../../../aarch64-none-elf/lib/pic\libsysbase.a(chdir.o)
                0x000000000001e388                _concatenate_path
 *fill*         0x000000000001e5d4        0x4 
 .text.chdir    0x000000000001e5d8      0x198 d:/devkitpro/devkita64/bin/../lib/gcc/aarch64-none-elf/7.3.0/../../../../aarch64-none-elf/lib/pic\libsysbase.a(chdir.o)
                0x000000000001e5d8                chdir
 .text.__libc_lock_acquire
                0x000000000001e770       0x1c d:/devkitpro/devkita64/bin/../lib/gcc/aarch64-none-elf/7.3.0/../../../../aarch64-none-elf/lib/pic\libsysbase.a(syscall_support.o)
                0x000000000001e770                __libc_lock_acquire
 *fill*         0x000000000001e78c        0x4 
 .text.__libc_lock_release
                0x000000000001e790       0x1c d:/devkitpro/devkita64/bin/../lib/gcc/aarch64-none-elf/7.3.0/../../../../aarch64-none-elf/lib/pic\libsysbase.a(syscall_support.o)
                0x000000000001e790                __libc_lock_release
 *fill*         0x000000000001e7ac        0x4 
 .text.__libc_lock_init_recursive
                0x000000000001e7b0       0x1c d:/devkitpro/devkita64/bin/../lib/gcc/aarch64-none-elf/7.3.0/../../../../aarch64-none-elf/lib/pic\libsysbase.a(syscall_support.o)
                0x000000000001e7b0                __libc_lock_init_recursive
 *fill*         0x000000000001e7cc        0x4 
 .text.__libc_lock_acquire_recursive
                0x000000000001e7d0       0x1c d:/devkitpro/devkita64/bin/../lib/gcc/aarch64-none-elf/7.3.0/../../../../aarch64-none-elf/lib/pic\libsysbase.a(syscall_support.o)
                0x000000000001e7d0                __libc_lock_acquire_recursive
 *fill*         0x000000000001e7ec        0x4 
 .text.__libc_lock_release_recursive
                0x000000000001e7f0       0x1c d:/devkitpro/devkita64/bin/../lib/gcc/aarch64-none-elf/7.3.0/../../../../aarch64-none-elf/lib/pic\libsysbase.a(syscall_support.o)
                0x000000000001e7f0                __libc_lock_release_recursive
 *fill*         0x000000000001e80c        0x4 
 .text.__libc_lock_close_recursive
                0x000000000001e810       0x1c d:/devkitpro/devkita64/bin/../lib/gcc/aarch64-none-elf/7.3.0/../../../../aarch64-none-elf/lib/pic\libsysbase.a(syscall_support.o)
                0x000000000001e810                __libc_lock_close_recursive
 *fill*         0x000000000001e82c        0x4 
 .text.__free_handle
                0x000000000001e830       0x3c d:/devkitpro/devkita64/bin/../lib/gcc/aarch64-none-elf/7.3.0/../../../../aarch64-none-elf/lib/pic\libsysbase.a(handle_manager.o)
                0x000000000001e830                __free_handle
 *fill*         0x000000000001e86c        0x4 
 .text.__release_handle
                0x000000000001e870       0x5c d:/devkitpro/devkita64/bin/../lib/gcc/aarch64-none-elf/7.3.0/../../../../aarch64-none-elf/lib/pic\libsysbase.a(handle_manager.o)
                0x000000000001e870                __release_handle
 *fill*         0x000000000001e8cc        0x4 
 .text.__get_handle
                0x000000000001e8d0       0x20 d:/devkitpro/devkita64/bin/../lib/gcc/aarch64-none-elf/7.3.0/../../../../aarch64-none-elf/lib/pic\libsysbase.a(handle_manager.o)
                0x000000000001e8d0                __get_handle
 .text.__getreent
                0x000000000001e8f0       0x28 d:/devkitpro/devkita64/bin/../lib/gcc/aarch64-none-elf/7.3.0/../../../../aarch64-none-elf/lib/pic\libsysbase.a(getreent.o)
                0x000000000001e8f0                __getreent
 .text.__extenddftf2
                0x000000000001e918      0x120 d:/devkitpro/devkita64/bin/../lib/gcc/aarch64-none-elf/7.3.0/pic\libgcc.a(extenddftf2.o)
                0x000000000001e918                __extenddftf2
 .text.__trunctfdf2
                0x000000000001ea38      0x35c d:/devkitpro/devkita64/bin/../lib/gcc/aarch64-none-elf/7.3.0/pic\libgcc.a(trunctfdf2.o)
                0x000000000001ea38                __trunctfdf2
 *fill*         0x000000000001ed94        0x4 
 .text.__sfp_handle_exceptions
                0x000000000001ed98       0x70 d:/devkitpro/devkita64/bin/../lib/gcc/aarch64-none-elf/7.3.0/pic\libgcc.a(sfp-exceptions.o)
                0x000000000001ed98                __sfp_handle_exceptions
 .text          0x000000000001ee08      0x100 d:/devkitpro/devkita64/bin/../lib/gcc/aarch64-none-elf/7.3.0/../../../../aarch64-none-elf/lib/pic\libg.a(lib_a-strrchr.o)
                0x000000000001ee08                strrchr
                0x000000000001ef08                . = ALIGN (0x8)

.fini           0x000000000001ef08       0x38
 *(.fini)
 .fini          0x000000000001ef08       0x18 d:/devkitpro/devkita64/bin/../lib/gcc/aarch64-none-elf/7.3.0/pic/crti.o
                0x000000000001ef08                _fini
 .fini          0x000000000001ef20       0x1c d:/devkitpro/devkita64/bin/../lib/gcc/aarch64-none-elf/7.3.0/pic/crtn.o
                0x000000000001ef40                . = ALIGN (0x8)
 *fill*         0x000000000001ef3c        0x4 
                0x000000000001f000                . = ALIGN (0x1000)

.rodata         0x000000000001f000     0x6030
 *(.rodata .rodata.* .gnu.linkonce.r.*)
 .rodata.con_write
                0x000000000001f000       0x64 d:/devkitPro/libnx/lib\libnx.a(console.o)
 *fill*         0x000000000001f064        0x4 
 .rodata.colorTable
                0x000000000001f068       0x60 d:/devkitPro/libnx/lib\libnx.a(console.o)
 .rodata.con_write.str1.8
                0x000000000001f0c8       0x56 d:/devkitPro/libnx/lib\libnx.a(console.o)
 *fill*         0x000000000001f11e        0x2 
 .rodata.str1.8
                0x000000000001f120       0x14 d:/devkitPro/libnx/lib\libnx.a(console.o)
 *fill*         0x000000000001f134        0x4 
 .rodata.appletInitialize.str1.8
                0x000000000001f138       0x19 d:/devkitPro/libnx/lib\libnx.a(applet.o)
 *fill*         0x000000000001f151        0x7 
 .rodata.hidInitialize.str1.8
                0x000000000001f158        0x4 d:/devkitPro/libnx/lib\libnx.a(hid.o)
 *fill*         0x000000000001f15c        0x4 
 .rodata.smInitialize.str1.8
                0x000000000001f160        0x4 d:/devkitPro/libnx/lib\libnx.a(sm.o)
                                          0x9 (size before relaxing)
 *fill*         0x000000000001f164        0x4 
 .rodata.fatalSimple.str1.8
                0x000000000001f168        0x8 d:/devkitPro/libnx/lib\libnx.a(fatal.o)
 .rodata.apmInitialize.str1.8
                0x000000000001f170        0xc d:/devkitPro/libnx/lib\libnx.a(apm.o)
 *fill*         0x000000000001f17c        0x4 
 .rodata.gfxInitDefault.str1.8
                0x000000000001f180        0x8 d:/devkitPro/libnx/lib\libnx.a(gfx.o)
 .rodata.nvgfxInitialize.str1.8
                0x000000000001f188       0x61 d:/devkitPro/libnx/lib\libnx.a(nvgfx.o)
 *fill*         0x000000000001f1e9        0x3 
 .rodata        0x000000000001f1ec     0x2004 d:/devkitPro/libnx/lib\libnx.a(default_font.bin.o)
                0x000000000001f1ec                default_font_bin
                0x00000000000211ec                default_font_bin_size
                0x00000000000211ec                default_font_bin_end
 .rodata._fsdevUnmountDeviceStruct.part.1.str1.8